CHGNet v0.3.0 initialized with 412,525 parameters
CHGNet will run on cuda
CHGNet will run on cpu
1/50 Rb2LiMoS4: best -5.1868 eV/atom from parent_sg (sg 2)  (2.2 min)
2/50 Li2Cr3MoO8: best -8.2184 eV/atom from parent_sg (sg 186)  (2.5 min)
3/50 LiUMoO6: best -8.7547 eV/atom from composition (sg 14)  (5.4 min)
4/50 NaLaScMoO6: best -8.3316 eV/atom from parent_sg (sg 12)  (6.9 min)
5/50 Na3PrTi2(MoO6)2: best -8.0134 eV/atom from composition (sg 7)  (9.3 min)
6/50 Na3NdTi2(MoO6)2: best -8.0866 eV/atom from composition (sg 1)  (20.5 min)
7/50 Li3Mn2Co(BO3)3: best -7.7144 eV/atom from parent_sg (sg 6)  (21.1 min)
8/50 Li2V3MoO8: best -8.1867 eV/atom from parent_sg (sg 186)  (24.4 min)
9/50 LiZnMoO4: best -6.8585 eV/atom from parent_sg (sg 91)  (25.8 min)
10/50 Na3SmTi2(MoO6)2: best -8.0166 eV/atom from composition (sg 13)  (33.3 min)
11/50 Na3EuTi2(MoO6)2: best -8.2253 eV/atom from composition (sg 1)  (34.2 min)
12/50 LiCo3SiPO8: best -7.3909 eV/atom from composition (sg 7)  (42.9 min)
13/50 Li3MnCo2(BO3)3: best -7.5087 eV/atom from parent_sg (sg 6)  (46.9 min)
14/50 Li2CrP2HO8: best -7.3171 eV/atom from parent_sg (sg 4)  (51.9 min)
15/50 LiGeMoO5: best -7.3916 eV/atom from parent_sg (sg 62)  (54.8 min)
16/50 Na3TbTi2(MoO6)2: best -7.9974 eV/atom from parent_sg (sg 4)  (65.1 min)
17/50 Na3GdTi2(MoO6)2: best -8.5035 eV/atom from parent_sg (sg 26)  (72.9 min)
18/50 NaGeMoO5: best -7.2973 eV/atom from composition (sg 15)  (76.5 min)
19/50 Li5MoO5: best -6.3163 eV/atom from parent_sg (sg 12)  (77.3 min)
20/50 Li2MoOF5: best -6.0794 eV/atom from parent_sg (sg 8)  (81.0 min)
21/50 Na3DyTi2(MoO6)2: best -8.0389 eV/atom from parent_sg (sg 26)  (92.5 min)
22/50 LiCo(GeO3)2: best -6.7121 eV/atom from parent_sg (sg 14)  (95.1 min)
23/50 Na3ErTi2(MoO6)2: best -8.0397 eV/atom from parent_sg (sg 26)  (105.1 min)
24/50 Na3HoTi2(MoO6)2: best -8.0379 eV/atom from parent_sg (sg 26)  (109.7 min)
25/50 Na3TmTi2(MoO6)2: best -8.0375 eV/atom from parent_sg (sg 26)  (118.4 min)
26/50 LiCr3(OF3)2: best -7.2086 eV/atom from parent_sg (sg 14)  (120.4 min)
27/50 LiTe3MoO12: best -6.3912 eV/atom from parent_sg (sg 3)  (122.4 min)
28/50 K2Na(MoO3)3: best -7.3567 eV/atom from composition (sg 1)  (127.6 min)
29/50 Li2Co2Si4O11: best -7.6476 eV/atom from composition (sg 2)  (131.2 min)
30/50 Li5Cr(SiO4)2: best -7.0376 eV/atom from parent_sg (sg 5)  (133.0 min)
31/50 KNaEuMoO5: best -7.7969 eV/atom from parent_sg (sg 129)  (133.7 min)
32/50 NaEuHfMoO6: best -9.1095 eV/atom from parent_sg (sg 216)  (138.8 min)
33/50 Li4Cr3SbO8: best -7.1984 eV/atom from parent_sg (sg 166)  (140.7 min)
34/50 Na3LaTi2(MoO6)2: best -8.0370 eV/atom from parent_sg (sg 13)  (142.6 min)
35/50 NaLa(MoO3)4: best -8.3306 eV/atom from composition (sg 5)  (148.8 min)
36/50 K2Li3VO4: best -5.7047 eV/atom from parent_sg (sg 14)  (150.0 min)
37/50 Na3Fe2SbO6: best -6.3869 eV/atom from composition (sg 12)  (150.7 min)
38/50 NaFe2H3(SO5)2: best -6.5487 eV/atom from composition (sg 8)  (152.4 min)
39/50 NaMnS2: best -5.7251 eV/atom from parent_sg (sg 166)  (152.8 min)
40/50 Rb2Na4Fe2O5: best -5.2532 eV/atom from parent_sg (sg 136)  (156.2 min)
41/50 RbNa7(FeO3)2: best -5.0727 eV/atom from composition (sg 12)  (158.9 min)
42/50 SrLiMnF6: best -6.0472 eV/atom from parent_sg (sg 15)  (159.3 min)
43/50 Na2Fe(Si2O5)2: best -7.7179 eV/atom from parent_sg (sg 2)  (162.4 min)
44/50 LiLa2NbO6: best -8.5850 eV/atom from composition (sg 14)  (162.9 min)
45/50 LiVNiF6: best -6.0489 eV/atom from composition (sg 102)  (163.4 min)
46/50 Na2Fe2O3: best -6.4136 eV/atom from composition (sg 14)  (164.1 min)
47/50 KLiFeO2: best -5.9248 eV/atom from parent_sg (sg 12)  (165.0 min)
48/50 NaNb2P3O13: best -8.1711 eV/atom from composition (sg 2)  (174.8 min)
49/50 Li3V(NiO3)2: best -6.6025 eV/atom from parent_sg (sg 12)  (177.4 min)
50/50 LiNb2P3O13: best -8.1916 eV/atom from parent_sg (sg 2)  (186.3 min)
{'compositions': 50, 'with_relaxed_structure': 50, 'lower_energy_prompt (5 meV/atom tie band)': {'composition': 5, 'parent_sg': 11, 'tie': 33}, 'median_parent_minus_composition_eV': -0.0003}
