CHGNet v0.3.0 initialized with 412,525 parameters
CHGNet will run on cuda
CHGNet will run on cpu
1/50 K2NaMnO3: best -5.6421 eV/atom from parent_sg (sg 67)  (0.7 min)
2/50 Li4MnTeO6: best -6.2176 eV/atom from composition (sg 5)  (1.3 min)
3/50 Na8MnO6: best -4.9060 eV/atom from parent_sg (sg 185)  (2.2 min)
4/50 NaMn(SeO3)2: best -6.3286 eV/atom from parent_sg (sg 62)  (6.2 min)
5/50 Rb2NaFe3F12: best -5.6095 eV/atom from parent_sg (sg 2)  (10.4 min)
6/50 KLiFe2(SiO3)4: best -7.6816 eV/atom from composition (sg 4)  (22.3 min)
7/50 Rb2LiFe3F12: best -5.7267 eV/atom from composition (sg 2)  (26.8 min)
8/50 NaMnCr2O8: best -7.5743 eV/atom from parent_sg (sg 12)  (29.3 min)
9/50 LiFeH2OF4: best -5.6083 eV/atom from composition (sg 62)  (41.6 min)
10/50 NaMn2V3CuO12: best -7.8050 eV/atom from composition (sg 5)  (43.2 min)
11/50 Li2ScMn(SiO3)4: best -8.0773 eV/atom from parent_sg (sg 5)  (45.7 min)
12/50 NaLiMn2(SiO3)4: best -7.9152 eV/atom from parent_sg (sg 5)  (47.8 min)
13/50 KNa2MnO3: best -5.7089 eV/atom from parent_sg (sg 62)  (51.0 min)
14/50 Na4MnAl3O8: best -6.7222 eV/atom from composition (sg 1)  (54.6 min)
15/50 Na3MnS3: best -4.7918 eV/atom from parent_sg (sg 14)  (56.4 min)
16/50 NaTi3MnO8: best -8.7271 eV/atom from composition (sg 8)  (57.7 min)
17/50 LiVFe(PO4)3: best -7.6701 eV/atom from parent_sg (sg 2)  (63.0 min)
18/50 K2NaVO3: best -5.8160 eV/atom from composition (sg 67)  (63.7 min)
19/50 NaV(SeO3)2: best -6.4669 eV/atom from parent_sg (sg 62)  (68.4 min)
20/50 Rb2NaV3F12: best -6.1565 eV/atom from parent_sg (sg 2)  (73.1 min)
21/50 KLiV2(SiO3)4: best -7.9629 eV/atom from composition (sg 5)  (83.3 min)
22/50 Rb2LiV3F12: best -6.1749 eV/atom from composition (sg 2)  (88.1 min)
23/50 NaVCr2O8: best -7.7308 eV/atom from parent_sg (sg 12)  (90.0 min)
24/50 LiFeP2(HO4)2: best -7.0644 eV/atom from parent_sg (sg 18)  (95.5 min)
25/50 LiVH2OF4: best -5.8953 eV/atom from composition (sg 15)  (101.9 min)
26/50 Li2ScV(SiO3)4: best -8.1458 eV/atom from composition (sg 5)  (104.9 min)
27/50 LiFe2BO5: best -7.6687 eV/atom from parent_sg (sg 55)  (108.1 min)
28/50 LiMn2BO5: best -8.0242 eV/atom from composition (sg 55)  (111.7 min)
29/50 NaLiV2(SiO3)4: best -8.0497 eV/atom from composition (sg 5)  (113.0 min)
30/50 KNa2VO3: best -5.8752 eV/atom from parent_sg (sg 62)  (116.0 min)
31/50 LiMn(GeO3)2: best -7.1182 eV/atom from parent_sg (sg 14)  (118.8 min)
32/50 Na4Al3VO8: best -6.8123 eV/atom from composition (sg 1)  (121.3 min)
33/50 Na3VS3: best -4.9055 eV/atom from composition (sg 14)  (123.1 min)
34/50 NaTiFeS4: best -6.1122 eV/atom from parent_sg (sg 8)  (123.7 min)
35/50 NaTiMnS4: best -6.2202 eV/atom from parent_sg (sg 8)  (124.9 min)
36/50 Li3V(NiO2)4: best -6.5817 eV/atom from composition (sg 12)  (126.5 min)
37/50 NaTi3VO8: best -8.8107 eV/atom from composition (sg 8)  (130.9 min)
38/50 Li4V3SbO8: best -7.1707 eV/atom from parent_sg (sg 12)  (131.6 min)
39/50 Li3V(CoO3)2: best -6.8615 eV/atom from parent_sg (sg 12)  (134.0 min)
40/50 Li3V(CuO3)2: best -6.1977 eV/atom from parent_sg (sg 12)  (135.4 min)
41/50 Cs2LiCoF6: best -5.0252 eV/atom from parent_sg (sg 164)  (135.8 min)
42/50 Na2Li3CrO4: best -5.7340 eV/atom from parent_sg (sg 58)  (141.5 min)
43/50 Na3CrO3: best -5.8596 eV/atom from composition (sg 2)  (142.5 min)
44/50 NaCo(GeO3)2: best -6.6209 eV/atom from composition (sg 14)  (145.1 min)
45/50 NaCo(SO4)2: best -6.5138 eV/atom from composition (sg 12)  (147.6 min)
46/50 NaCo(SiO3)2: best -7.4561 eV/atom from composition (sg 15)  (149.6 min)
47/50 NaMnCoF6: best -5.9039 eV/atom from parent_sg (sg 150)  (150.4 min)
48/50 NaSrCoF6: best -5.4436 eV/atom from composition (sg 19)  (153.5 min)
49/50 Rb2LiCrF6: best -5.6207 eV/atom from parent_sg (sg 225)  (155.8 min)
50/50 Li2CrO2F: best -6.8393 eV/atom from parent_sg (sg 164)  (156.7 min)
{'compositions': 50, 'with_relaxed_structure': 50, 'lower_energy_prompt (5 meV/atom tie band)': {'composition': 5, 'parent_sg': 6, 'tie': 37}, 'median_parent_minus_composition_eV': -0.0001}
