CHGNet v0.3.0 initialized with 412,525 parameters
CHGNet will run on cuda
CHGNet will run on cpu
1/50 NaFeCuS3: best -5.0683 eV/atom from parent_sg (sg 62)  (0.8 min)
2/50 Na2MnH2F8: best -5.0977 eV/atom from parent_sg (sg 12)  (5.1 min)
3/50 Li4MnO4: best -6.1179 eV/atom from parent_sg (sg 63)  (9.0 min)
4/50 BaLi2TiV2O8: best -7.8865 eV/atom from parent_sg (sg 147)  (9.9 min)
5/50 BaLi2V2CrO8: best -7.8053 eV/atom from composition (sg 147)  (10.6 min)
6/50 Li2TiSnS4: best -5.3622 eV/atom from composition (sg 31)  (11.1 min)
7/50 LiCrFeF6: best -6.4109 eV/atom from parent_sg (sg 150)  (12.4 min)
8/50 Na2CrH4(SeO5)2: best -5.8644 eV/atom from parent_sg (sg 14)  (20.5 min)
9/50 Li2TiV(PO4)3: best -7.9097 eV/atom from parent_sg (sg 2)  (27.0 min)
10/50 Li2VCr(PO4)3: best -7.7195 eV/atom from parent_sg (sg 2)  (33.0 min)
11/50 Na3TiSiCO7: best -7.3065 eV/atom from parent_sg (sg 11)  (34.1 min)
12/50 LiCrP2(HO4)2: best -7.2542 eV/atom from composition (sg 18)  (38.4 min)
13/50 Na2MnF4: best -5.7402 eV/atom from composition (sg 55)  (39.0 min)
14/50 LiTiV(PO4)3: best -7.9747 eV/atom from parent_sg (sg 2)  (44.3 min)
15/50 LiTiCO3F2: best -7.3899 eV/atom from parent_sg (sg 4)  (57.0 min)
16/50 BaLiVF6: best -6.2361 eV/atom from composition (sg 14)  (58.9 min)
17/50 Li4AlV3O8: best -7.4717 eV/atom from parent_sg (sg 2)  (60.3 min)
18/50 NaVCuS3: best -5.5075 eV/atom from parent_sg (sg 62)  (61.0 min)
19/50 Na3PrNb2V2O12: best -8.1817 eV/atom from composition (sg 5)  (64.5 min)
20/50 Na3NdNb2V2O12: best -8.1297 eV/atom from composition (sg 5)  (72.4 min)
21/50 Na3SmNb2V2O12: best -8.1663 eV/atom from composition (sg 1)  (81.1 min)
22/50 Na3EuNb2V2O12: best -8.3314 eV/atom from composition (sg 1)  (82.5 min)
23/50 Na3TbNb2V2O12: best -8.1110 eV/atom from parent_sg (sg 26)  (92.7 min)
24/50 Na3GdNb2V2O12: best -8.6018 eV/atom from composition (sg 3)  (101.1 min)
25/50 Na3DyNb2V2O12: best -8.1127 eV/atom from parent_sg (sg 26)  (109.4 min)
26/50 Na3ErNb2V2O12: best -8.1135 eV/atom from composition (sg 26)  (119.2 min)
27/50 Na3HoNb2V2O12: best -8.1400 eV/atom from composition (sg 31)  (126.5 min)
28/50 Na3TmNb2V2O12: best -8.1118 eV/atom from parent_sg (sg 26)  (135.7 min)
29/50 Na3LaNb2V2O12: best -8.1509 eV/atom from composition (sg 5)  (138.5 min)
30/50 Li2TiOF4: best -6.4253 eV/atom from parent_sg (sg 6)  (144.2 min)
31/50 Li4Ti2SiGeO10: best -7.4986 eV/atom from parent_sg (sg 115)  (146.0 min)
32/50 LiTiOF3: best -6.9013 eV/atom from parent_sg (sg 4)  (148.0 min)
33/50 Ba4Li(MoO4)3: best -7.6880 eV/atom from parent_sg (sg 186)  (149.7 min)
34/50 Cs2LiMoS4: best -5.1984 eV/atom from composition (sg 2)  (150.7 min)
35/50 K2LiMoO4: best -6.4031 eV/atom from composition (sg 12)  (154.8 min)
36/50 KLi4MoO5: best -6.1639 eV/atom from composition (sg 2)  (160.1 min)
37/50 KNaGdMoO5: best -8.3554 eV/atom from parent_sg (sg 129)  (160.8 min)
38/50 KNaLaMoO5: best -7.3502 eV/atom from composition (sg 129)  (161.6 min)
39/50 KNaMoOF5: best -5.9275 eV/atom from composition (sg 33)  (162.5 min)
40/50 KNaNdMoO5: best -7.2974 eV/atom from parent_sg (sg 129)  (163.2 min)
41/50 KNaPrMoO5: best -7.2895 eV/atom from parent_sg (sg 129)  (164.1 min)
42/50 KNaSmMoO5: best -7.3080 eV/atom from parent_sg (sg 129)  (164.6 min)
43/50 LiMnCrF6: best -6.6281 eV/atom from composition (sg 150)  (166.2 min)
44/50 LiMo(OF)2: best -6.8987 eV/atom from parent_sg (sg 14)  (171.2 min)
45/50 LiMoF6: best -5.8744 eV/atom from composition (sg 148)  (172.5 min)
46/50 LiMoO3: best -7.6527 eV/atom from composition (sg 9)  (174.4 min)
47/50 Na2CrF5: best -5.7850 eV/atom from parent_sg (sg 14)  (176.0 min)
48/50 NaCo2P2HO8: best -7.1360 eV/atom from composition (sg 2)  (181.3 min)
49/50 NaCu2MoS4: best -5.4512 eV/atom from parent_sg (sg 40)  (182.7 min)
50/50 NaMo(OF)2: best -6.8187 eV/atom from parent_sg (sg 14)  (185.4 min)
{'compositions': 50, 'with_relaxed_structure': 50, 'lower_energy_prompt (5 meV/atom tie band)': {'composition': 6, 'parent_sg': 12, 'tie': 28}, 'median_parent_minus_composition_eV': -0.0}
