CHGNet v0.3.0 initialized with 412,525 parameters
CHGNet will run on cuda
CHGNet will run on cpu
1/50 LiCrNiF6: best -6.0417 eV/atom from parent_sg (sg 102)  (0.9 min)
2/50 NaCo(WO4)2: best -8.1492 eV/atom from composition (sg 13)  (5.0 min)
3/50 Li4AlCo3O8: best -6.4909 eV/atom from parent_sg (sg 2)  (8.5 min)
4/50 LiCrCuF6: best -5.6664 eV/atom from parent_sg (sg 102)  (9.5 min)
5/50 Li2AlCrO4: best -7.3289 eV/atom from parent_sg (sg 12)  (12.2 min)
6/50 Li3V4SbO8: best -7.5379 eV/atom from composition (sg 12)  (13.7 min)
7/50 NaHf2FeF11: best -7.0946 eV/atom from parent_sg (sg 12)  (14.8 min)
8/50 NaV2Mo2H3O10: best -7.5313 eV/atom from parent_sg (sg 8)  (21.0 min)
9/50 NaV2(MoO4)3: best -8.2470 eV/atom from composition (sg 2)  (27.9 min)
10/50 LiNiF4: best -4.8830 eV/atom from composition (sg 14)  (28.5 min)
11/50 Na2Li3NiO4: best -5.0700 eV/atom from composition (sg 58)  (31.0 min)
12/50 LiCuNiF6: best -4.8174 eV/atom from composition (sg 102)  (31.7 min)
13/50 Li3Al2NiO6: best -6.6094 eV/atom from parent_sg (sg 12)  (34.7 min)
14/50 Na4Li(CoO2)5: best -6.1102 eV/atom from parent_sg (sg 11)  (44.7 min)
15/50 K2Na4Cu2O5: best -4.4655 eV/atom from composition (sg 136)  (47.1 min)
16/50 Li2Cu(SO4)2: best -6.2088 eV/atom from parent_sg (sg 14)  (54.0 min)
17/50 Li2CuGeO4: best -5.9613 eV/atom from composition (sg 31)  (55.3 min)
18/50 Na2Co(CO3)2: best -7.1394 eV/atom from composition (sg 14)  (61.1 min)
19/50 Na2CuGeO4: best -5.6779 eV/atom from composition (sg 7)  (62.2 min)
20/50 NaCo(IO3)3: best -5.1903 eV/atom from parent_sg (sg 2)  (66.6 min)
21/50 NaErCo2F8: best -6.0429 eV/atom from composition (sg 82)  (67.7 min)
22/50 NaEuCo2F8: best -6.3109 eV/atom from parent_sg (sg 97)  (68.9 min)
23/50 NaGdCo2F8: best -6.8148 eV/atom from composition (sg 82)  (69.9 min)
24/50 NaNdCuWO6: best -7.6496 eV/atom from composition (sg 4)  (70.4 min)
25/50 NaSmCo2F8: best -6.0347 eV/atom from composition (sg 82)  (71.6 min)
26/50 Rb2Na4Cu2O5: best -4.4272 eV/atom from parent_sg (sg 136)  (73.4 min)
27/50 RbNa7(CuO3)2: best -4.3681 eV/atom from composition (sg 12)  (75.9 min)
28/50 Na2CoH4(SO5)2: best -6.0372 eV/atom from composition (sg 14)  (81.3 min)
29/50 Na2Co2TeO6: best -6.1493 eV/atom from composition (sg 12)  (82.1 min)
30/50 Na2Cu2O3: best -4.8617 eV/atom from composition (sg 14)  (83.3 min)
31/50 LiCo2BiO4: best -6.1417 eV/atom from composition (sg 129)  (84.8 min)
32/50 NaV3Fe2CoO12: no relaxed candidate  (84.8 min)
33/50 KNaCo(Si2O5)2: best -7.6037 eV/atom from composition (sg 2)  (88.6 min)
34/50 KLiCuO2: best -4.8188 eV/atom from composition (sg 12)  (89.6 min)
35/50 Li2CoF4: best -5.4107 eV/atom from parent_sg (sg 14)  (90.6 min)
36/50 BaLiNiF6: best -5.3051 eV/atom from composition (sg 14)  (92.3 min)
37/50 Cs2LiNiF6: best -4.7914 eV/atom from composition (sg 164)  (92.6 min)
38/50 NaMnNiF6: best -5.7566 eV/atom from parent_sg (sg 150)  (94.0 min)
39/50 NaNi(GeO3)2: best -6.4209 eV/atom from parent_sg (sg 15)  (96.6 min)
40/50 NaNi(SO4)2: best -6.3517 eV/atom from composition (sg 12)  (97.8 min)
41/50 NaNiF4: best -4.7296 eV/atom from parent_sg (sg 14)  (99.4 min)
42/50 NaNiS2: best -4.6631 eV/atom from composition (sg 166)  (99.5 min)
43/50 NaSi2NiO6: best -7.2455 eV/atom from parent_sg (sg 15)  (101.6 min)
44/50 NaSrNiF6: best -5.1797 eV/atom from composition (sg 19)  (105.3 min)
45/50 NaNi(WO4)2: best -7.9815 eV/atom from composition (sg 13)  (108.2 min)
46/50 Na4LiCr5O10: best -7.3872 eV/atom from parent_sg (sg 1)  (118.0 min)
47/50 Li5Cr3(CoO5)2: best -7.1714 eV/atom from composition (sg 2)  (119.3 min)
48/50 LiLa4CrO8: best -8.4341 eV/atom from composition (sg 65)  (120.3 min)
49/50 Na2FeF4: best -5.4408 eV/atom from composition (sg 1)  (120.9 min)
50/50 NaCr2Mo2H3O10: best -7.5508 eV/atom from parent_sg (sg 8)  (124.5 min)
{'compositions': 50, 'with_relaxed_structure': 49, 'lower_energy_prompt (5 meV/atom tie band)': {'composition': 8, 'parent_sg': 10, 'tie': 31}, 'median_parent_minus_composition_eV': 0.0001}
