number of parameters: 201.74M
1/50 Rb2LiMoS4 sg 2: composition 0/10 | parent_sg 0/10  (3.8 min)
2/50 Li2Cr3MoO8 sg 186: composition 0/10 | parent_sg 0/10  (14.4 min)
3/50 LiUMoO6 sg 14: composition 0/10 | parent_sg 0/10  (16.3 min)
4/50 NaLaScMoO6 sg 12: composition 0/10 | parent_sg 0/10  (18.3 min)
5/50 Na3PrTi2(MoO6)2 sg 26: composition 0/10 | parent_sg 0/10  (22.5 min)
6/50 Na3NdTi2(MoO6)2 sg 26: composition 0/10 | parent_sg 0/10  (26.4 min)
7/50 Li3Mn2Co(BO3)3 sg 6: composition 0/10 | parent_sg 0/10  (31.2 min)
8/50 Li2V3MoO8 sg 186: composition 0/10 | parent_sg 0/10  (41.8 min)
9/50 LiZnMoO4 sg 91: composition 0/10 | parent_sg 0/10  (43.0 min)
10/50 Na3SmTi2(MoO6)2 sg 26: composition 0/10 | parent_sg 0/10  (50.8 min)
11/50 Na3EuTi2(MoO6)2 sg 1: composition 0/10 | parent_sg 0/10  (59.3 min)
12/50 LiCo3SiPO8 sg 11: composition 0/10 | parent_sg 0/10  (71.1 min)
13/50 Li3MnCo2(BO3)3 sg 6: composition 0/10 | parent_sg 0/10  (76.0 min)
14/50 Li2CrP2HO8 sg 4: composition 0/10 | parent_sg 0/10  (79.5 min)
15/50 LiGeMoO5 sg 62: composition 0/10 | parent_sg 0/10  (82.2 min)
16/50 Na3TbTi2(MoO6)2 sg 26: composition 0/10 | parent_sg 0/10  (91.4 min)
17/50 Na3GdTi2(MoO6)2 sg 26: composition 0/10 | parent_sg 0/10  (100.5 min)
18/50 NaGeMoO5 sg 14: composition 0/10 | parent_sg 0/10  (102.0 min)
19/50 Li5MoO5 sg 12: composition 0/10 | parent_sg 0/10  (103.8 min)
20/50 Li2MoOF5 sg 8: composition 0/10 | parent_sg 0/10  (105.6 min)
21/50 Na3DyTi2(MoO6)2 sg 26: composition 0/10 | parent_sg 0/10  (113.1 min)
22/50 LiCo(GeO3)2 sg 14: composition 0/10 | parent_sg 0/10  (115.2 min)
23/50 Na3ErTi2(MoO6)2 sg 26: composition 0/10 | parent_sg 0/10  (124.0 min)
24/50 Na3HoTi2(MoO6)2 sg 26: composition 0/10 | parent_sg 0/10  (132.9 min)
25/50 Na3TmTi2(MoO6)2 sg 26: composition 0/10 | parent_sg 0/10  (139.3 min)
26/50 LiCr3(OF3)2 sg 14: composition 0/10 | parent_sg 0/10  (141.4 min)
27/50 LiTe3MoO12 sg 3: composition 0/10 | parent_sg 0/10  (144.7 min)
28/50 K2Na(MoO3)3 sg 6: composition 0/10 | parent_sg 0/10  (171.0 min)
29/50 Li2Co2Si4O11 sg 2: composition 0/10 | parent_sg 0/10  (176.2 min)
30/50 Li5Cr(SiO4)2 sg 5: composition 0/10 | parent_sg 0/10  (178.3 min)
31/50 KNaEuMoO5 sg 129: composition 0/10 | parent_sg 0/10  (179.8 min)
32/50 NaEuHfMoO6 sg 216: composition 0/10 | parent_sg 0/10  (182.9 min)
33/50 Li4Cr3SbO8 sg 12: composition 0/10 | parent_sg 0/10  (185.2 min)
34/50 Na3LaTi2(MoO6)2 sg 13: composition 0/10 | parent_sg 0/10  (188.7 min)
35/50 NaLa(MoO3)4 sg 139: composition 0/10 | parent_sg 0/10  (191.9 min)
36/50 K2Li3VO4 sg 14: composition 0/10 | parent_sg 0/10  (194.0 min)
37/50 Na3Fe2SbO6 sg 12: composition 0/10 | parent_sg 0/10  (195.3 min)
38/50 NaFe2H3(SO5)2 sg 8: composition 0/10 | parent_sg 0/10  (199.2 min)
39/50 NaMnS2 sg 166: composition 0/10 | parent_sg 0/10  (199.9 min)
40/50 Rb2Na4Fe2O5 sg 136: composition 0/10 | parent_sg 0/10  (201.2 min)
41/50 RbNa7(FeO3)2 sg 12: composition 0/10 | parent_sg 0/10  (203.3 min)
42/50 SrLiMnF6 sg 163: composition 0/10 | parent_sg 0/10  (204.2 min)
43/50 Na2Fe(Si2O5)2 sg 2: composition 0/10 | parent_sg 0/10  (208.5 min)
44/50 LiLa2NbO6 sg 14: composition 0/10 | parent_sg 0/10  (209.8 min)
45/50 LiVNiF6 sg 102: composition 0/10 | parent_sg 0/10  (211.1 min)
46/50 Na2Fe2O3 sg 14: composition 0/10 | parent_sg 0/10  (211.9 min)
47/50 KLiFeO2 sg 12: composition 0/10 | parent_sg 0/10  (213.0 min)
48/50 NaNb2P3O13 sg 2: composition 0/10 | parent_sg 0/10  (219.9 min)
49/50 Li3V(NiO3)2 sg 12: composition 0/10 | parent_sg 0/10  (222.3 min)
50/50 LiNb2P3O13 sg 2: composition 0/10 | parent_sg 0/10  (228.6 min)
