number of parameters: 201.74M
1/50 NaFeCuS3 sg 62: composition 0/10 | parent_sg 0/10  (1.2 min)
2/50 Na2MnH2F8 sg 12: composition 0/10 | parent_sg 0/10  (2.6 min)
3/50 Li4MnO4 sg 63: composition 0/10 | parent_sg 0/10  (15.2 min)
4/50 BaLi2TiV2O8 sg 147: composition 0/10 | parent_sg 0/10  (16.7 min)
5/50 BaLi2V2CrO8 sg 147: composition 0/10 | parent_sg 0/10  (18.2 min)
6/50 Li2TiSnS4 sg 7: composition 0/10 | parent_sg 0/10  (19.7 min)
7/50 LiCrFeF6 sg 150: composition 0/10 | parent_sg 0/10  (21.1 min)
8/50 Na2CrH4(SeO5)2 sg 14: composition 0/10 | parent_sg 0/10  (23.5 min)
9/50 Li2TiV(PO4)3 sg 2: composition 0/10 | parent_sg 0/10  (40.9 min)
10/50 Li2VCr(PO4)3 sg 2: composition 0/10 | parent_sg 0/10  (56.7 min)
11/50 Na3TiSiCO7 sg 11: composition 0/10 | parent_sg 0/10  (59.2 min)
12/50 LiCrP2(HO4)2 sg 18: composition 0/10 | parent_sg 0/10  (61.1 min)
13/50 Na2MnF4 sg 14: composition 0/10 | parent_sg 0/10  (61.9 min)
14/50 LiTiV(PO4)3 sg 2: composition 0/10 | parent_sg 0/10  (76.2 min)
15/50 LiTiCO3F2 sg 62: composition 0/10 | parent_sg 0/10  (78.1 min)
16/50 BaLiVF6 sg 14: composition 0/10 | parent_sg 0/10  (80.0 min)
17/50 Li4AlV3O8 sg 2: composition 0/10 | parent_sg 0/10  (82.8 min)
18/50 NaVCuS3 sg 62: composition 0/10 | parent_sg 0/10  (84.0 min)
19/50 Na3PrNb2V2O12 sg 26: composition 0/10 | parent_sg 0/10  (88.4 min)
20/50 Na3NdNb2V2O12 sg 26: composition 0/10 | parent_sg 0/10  (92.7 min)
21/50 Na3SmNb2V2O12 sg 26: composition 0/10 | parent_sg 0/10  (104.2 min)
22/50 Na3EuNb2V2O12 sg 1: composition 0/10 | parent_sg 0/10  (115.7 min)
23/50 Na3TbNb2V2O12 sg 26: composition 0/10 | parent_sg 0/10  (129.4 min)
24/50 Na3GdNb2V2O12 sg 26: composition 0/10 | parent_sg 0/10  (136.4 min)
25/50 Na3DyNb2V2O12 sg 26: composition 0/10 | parent_sg 0/10  (143.3 min)
26/50 Na3ErNb2V2O12 sg 26: composition 0/10 | parent_sg 0/10  (153.3 min)
27/50 Na3HoNb2V2O12 sg 26: composition 0/10 | parent_sg 0/10  (163.3 min)
28/50 Na3TmNb2V2O12 sg 26: composition 0/10 | parent_sg 0/10  (173.3 min)
29/50 Na3LaNb2V2O12 sg 13: composition 0/10 | parent_sg 0/10  (176.8 min)
30/50 Li2TiOF4 sg 63: composition 0/10 | parent_sg 0/10  (188.5 min)
31/50 Li4Ti2SiGeO10 sg 115: composition 0/10 | parent_sg 0/10  (190.2 min)
32/50 LiTiOF3 sg 4: composition 0/10 | parent_sg 0/10  (192.1 min)
33/50 Ba4Li(MoO4)3 sg 186: composition 0/10 | parent_sg 0/10  (194.0 min)
34/50 Cs2LiMoS4 sg 2: composition 0/10 | parent_sg 0/10  (195.7 min)
35/50 K2LiMoO4 sg 14: composition 0/10 | parent_sg 0/10  (197.3 min)
36/50 KLi4MoO5 sg 2: composition 0/10 | parent_sg 0/10  (199.6 min)
37/50 KNaGdMoO5 sg 129: composition 0/10 | parent_sg 0/10  (201.1 min)
38/50 KNaLaMoO5 sg 129: composition 0/10 | parent_sg 0/10  (202.5 min)
39/50 KNaMoOF5 sg 33: composition 0/10 | parent_sg 0/10  (204.6 min)
40/50 KNaNdMoO5 sg 129: composition 0/10 | parent_sg 0/10  (206.1 min)
41/50 KNaPrMoO5 sg 129: composition 0/10 | parent_sg 0/10  (207.5 min)
42/50 KNaSmMoO5 sg 129: composition 0/10 | parent_sg 0/10  (209.0 min)
43/50 LiMnCrF6 sg 150: composition 0/10 | parent_sg 0/10  (210.5 min)
44/50 LiMo(OF)2 sg 14: composition 0/10 | parent_sg 0/10  (211.8 min)
45/50 LiMoF6 sg 148: composition 0/10 | parent_sg 0/10  (212.5 min)
46/50 LiMoO3 sg 161: composition 0/10 | parent_sg 0/10  (213.2 min)
47/50 Na2CrF5 sg 14: composition 0/10 | parent_sg 0/10  (214.9 min)
48/50 NaCo2P2HO8 sg 2: composition 0/10 | parent_sg 0/10  (218.4 min)
49/50 NaCu2MoS4 sg 40: composition 0/10 | parent_sg 0/10  (221.0 min)
50/50 NaMo(OF)2 sg 14: composition 0/10 | parent_sg 0/10  (222.3 min)
