number of parameters: 201.74M
1/50 LiCrNiF6 sg 102: composition 0/10 | parent_sg 0/10  (1.3 min)
2/50 NaCo(WO4)2 sg 13: composition 0/10 | parent_sg 0/10  (3.5 min)
3/50 Li4AlCo3O8 sg 2: composition 0/10 | parent_sg 0/10  (6.6 min)
4/50 LiCrCuF6 sg 102: composition 0/10 | parent_sg 0/10  (7.9 min)
5/50 Li2AlCrO4 sg 12: composition 0/10 | parent_sg 0/10  (10.3 min)
6/50 Li3V4SbO8 sg 12: composition 0/10 | parent_sg 0/10  (12.2 min)
7/50 NaHf2FeF11 sg 12: composition 0/10 | parent_sg 0/10  (13.9 min)
8/50 NaV2Mo2H3O10 sg 8: composition 0/10 | parent_sg 0/10  (17.0 min)
9/50 NaV2(MoO4)3 sg 2: composition 0/10 | parent_sg 0/10  (21.5 min)
10/50 LiNiF4 sg 14: composition 0/10 | parent_sg 0/10  (22.6 min)
11/50 Na2Li3NiO4 sg 58: composition 0/10 | parent_sg 0/10  (24.5 min)
12/50 LiCuNiF6 sg 102: composition 0/10 | parent_sg 0/10  (25.8 min)
13/50 Li3Al2NiO6 sg 12: composition 0/10 | parent_sg 0/10  (27.7 min)
14/50 Na4Li(CoO2)5 sg 12: composition 0/10 | parent_sg 0/10  (35.6 min)
15/50 K2Na4Cu2O5 sg 14: composition 0/10 | parent_sg 0/10  (37.0 min)
16/50 Li2Cu(SO4)2 sg 14: composition 0/10 | parent_sg 0/10  (39.2 min)
17/50 Li2CuGeO4 sg 7: composition 0/10 | parent_sg 0/10  (41.9 min)
18/50 Na2Co(CO3)2 sg 14: composition 0/10 | parent_sg 0/10  (43.8 min)
19/50 Na2CuGeO4 sg 7: composition 0/10 | parent_sg 0/10  (45.4 min)
20/50 NaCo(IO3)3 sg 2: composition 0/10 | parent_sg 0/10  (48.9 min)
21/50 NaErCo2F8 sg 97: composition 0/10 | parent_sg 0/10  (50.1 min)
22/50 NaEuCo2F8 sg 97: composition 0/10 | parent_sg 0/10  (51.2 min)
23/50 NaGdCo2F8 sg 97: composition 0/10 | parent_sg 0/10  (53.0 min)
24/50 NaNdCuWO6 sg 4: composition 0/10 | parent_sg 0/10  (55.3 min)
25/50 NaSmCo2F8 sg 97: composition 0/10 | parent_sg 0/10  (56.4 min)
26/50 Rb2Na4Cu2O5 sg 136: composition 0/10 | parent_sg 0/10  (57.7 min)
27/50 RbNa7(CuO3)2 sg 12: composition 0/10 | parent_sg 0/10  (59.7 min)
28/50 Na2CoH4(SO5)2 sg 14: composition 0/10 | parent_sg 0/10  (62.0 min)
29/50 Na2Co2TeO6 sg 12: composition 0/10 | parent_sg 0/10  (63.2 min)
30/50 Na2Cu2O3 sg 14: composition 0/10 | parent_sg 0/10  (64.0 min)
31/50 LiCo2BiO4 sg 129: composition 0/10 | parent_sg 0/10  (65.6 min)
32/50 NaV3Fe2CoO12 sg 1: composition 0/10 | parent_sg 0/10  (95.3 min)
33/50 KNaCo(Si2O5)2 sg 2: composition 0/10 | parent_sg 0/10  (99.8 min)
34/50 KLiCuO2 sg 12: composition 0/10 | parent_sg 0/10  (100.9 min)
35/50 Li2CoF4 sg 14: composition 0/10 | parent_sg 0/10  (102.8 min)
36/50 BaLiNiF6 sg 14: composition 0/10 | parent_sg 0/10  (104.7 min)
37/50 Cs2LiNiF6 sg 164: composition 0/10 | parent_sg 0/10  (105.6 min)
38/50 NaMnNiF6 sg 150: composition 0/10 | parent_sg 0/10  (107.1 min)
39/50 NaNi(GeO3)2 sg 15: composition 0/10 | parent_sg 0/10  (108.4 min)
40/50 NaNi(SO4)2 sg 12: composition 0/10 | parent_sg 0/10  (109.7 min)
41/50 NaNiF4 sg 14: composition 0/10 | parent_sg 0/10  (110.8 min)
42/50 NaNiS2 sg 166: composition 0/10 | parent_sg 0/10  (111.5 min)
43/50 NaSi2NiO6 sg 15: composition 0/10 | parent_sg 0/10  (112.8 min)
44/50 NaSrNiF6 sg 14: composition 0/10 | parent_sg 0/10  (114.7 min)
45/50 NaNi(WO4)2 sg 13: composition 0/10 | parent_sg 0/10  (116.7 min)
46/50 Na4LiCr5O10 sg 12: composition 0/10 | parent_sg 0/10  (123.1 min)
47/50 Li5Cr3(CoO5)2 sg 2: composition 0/10 | parent_sg 0/10  (125.5 min)
48/50 LiLa4CrO8 sg 65: composition 0/10 | parent_sg 0/10  (127.0 min)
49/50 Na2FeF4 sg 14: composition 0/10 | parent_sg 0/10  (128.9 min)
50/50 NaCr2Mo2H3O10 sg 8: composition 0/10 | parent_sg 0/10  (131.8 min)
