number of parameters: 201.74M
1/50 K2NaMnO3 sg 67: composition 0/10 | parent_sg 0/10  (1.2 min)
2/50 Li4MnTeO6 sg 5: composition 0/10 | parent_sg 0/10  (3.1 min)
3/50 Na8MnO6 sg 185: composition 0/10 | parent_sg 0/10  (4.4 min)
4/50 NaMn(SeO3)2 sg 62: composition 0/10 | parent_sg 0/10  (6.4 min)
5/50 Rb2NaFe3F12 sg 2: composition 0/10 | parent_sg 0/10  (14.4 min)
6/50 KLiFe2(SiO3)4 sg 12: composition 0/10 | parent_sg 0/10  (16.9 min)
7/50 Rb2LiFe3F12 sg 2: composition 0/10 | parent_sg 0/10  (25.2 min)
8/50 NaMnCr2O8 sg 12: composition 0/10 | parent_sg 0/10  (27.0 min)
9/50 LiFeH2OF4 sg 62: composition 0/10 | parent_sg 0/10  (41.4 min)
10/50 NaMn2V3CuO12 sg 1: composition 0/10 | parent_sg 0/10  (75.3 min)
11/50 Li2ScMn(SiO3)4 sg 5: composition 0/10 | parent_sg 0/10  (78.3 min)
12/50 NaLiMn2(SiO3)4 sg 5: composition 0/10 | parent_sg 0/10  (81.2 min)
13/50 KNa2MnO3 sg 62: composition 0/10 | parent_sg 0/10  (82.5 min)
14/50 Na4MnAl3O8 sg 1: composition 0/10 | parent_sg 0/10  (86.3 min)
15/50 Na3MnS3 sg 14: composition 0/10 | parent_sg 0/10  (87.9 min)
16/50 NaTi3MnO8 sg 8: composition 0/10 | parent_sg 0/10  (90.8 min)
17/50 LiVFe(PO4)3 sg 2: composition 0/10 | parent_sg 0/10  (104.5 min)
18/50 K2NaVO3 sg 67: composition 0/10 | parent_sg 0/10  (105.8 min)
19/50 NaV(SeO3)2 sg 62: composition 0/10 | parent_sg 0/10  (107.7 min)
20/50 Rb2NaV3F12 sg 2: composition 0/10 | parent_sg 0/10  (124.0 min)
21/50 KLiV2(SiO3)4 sg 12: composition 0/10 | parent_sg 0/10  (126.8 min)
22/50 Rb2LiV3F12 sg 2: composition 0/10 | parent_sg 0/10  (134.6 min)
23/50 NaVCr2O8 sg 12: composition 0/10 | parent_sg 0/10  (135.9 min)
24/50 LiFeP2(HO4)2 sg 18: composition 0/10 | parent_sg 0/10  (138.5 min)
25/50 LiVH2OF4 sg 62: composition 0/10 | parent_sg 0/10  (150.2 min)
26/50 Li2ScV(SiO3)4 sg 5: composition 0/10 | parent_sg 0/10  (153.1 min)
27/50 LiFe2BO5 sg 55: composition 0/10 | parent_sg 0/10  (155.2 min)
28/50 LiMn2BO5 sg 55: composition 0/10 | parent_sg 0/10  (157.3 min)
29/50 NaLiV2(SiO3)4 sg 5: composition 0/10 | parent_sg 0/10  (160.2 min)
30/50 KNa2VO3 sg 62: composition 0/10 | parent_sg 0/10  (161.5 min)
31/50 LiMn(GeO3)2 sg 14: composition 0/10 | parent_sg 0/10  (163.6 min)
32/50 Na4Al3VO8 sg 1: composition 0/10 | parent_sg 0/10  (167.4 min)
33/50 Na3VS3 sg 14: composition 0/10 | parent_sg 0/10  (169.0 min)
34/50 NaTiFeS4 sg 8: composition 0/10 | parent_sg 0/10  (170.4 min)
35/50 NaTiMnS4 sg 8: composition 0/10 | parent_sg 0/10  (171.9 min)
36/50 Li3V(NiO2)4 sg 12: composition 0/10 | parent_sg 0/10  (173.8 min)
37/50 NaTi3VO8 sg 8: composition 0/10 | parent_sg 0/10  (176.7 min)
38/50 Li4V3SbO8 sg 12: composition 0/10 | parent_sg 0/10  (179.0 min)
39/50 Li3V(CoO3)2 sg 12: composition 0/10 | parent_sg 0/10  (181.4 min)
40/50 Li3V(CuO3)2 sg 12: composition 0/10 | parent_sg 0/10  (182.9 min)
41/50 Cs2LiCoF6 sg 164: composition 0/10 | parent_sg 0/10  (184.0 min)
42/50 Na2Li3CrO4 sg 58: composition 0/10 | parent_sg 0/10  (185.7 min)
43/50 Na3CrO3 sg 2: composition 0/10 | parent_sg 0/10  (187.0 min)
44/50 NaCo(GeO3)2 sg 15: composition 0/10 | parent_sg 0/10  (188.7 min)
45/50 NaCo(SO4)2 sg 12: composition 0/10 | parent_sg 0/10  (190.0 min)
46/50 NaCo(SiO3)2 sg 15: composition 0/10 | parent_sg 0/10  (191.3 min)
47/50 NaMnCoF6 sg 150: composition 0/10 | parent_sg 0/10  (192.8 min)
48/50 NaSrCoF6 sg 14: composition 0/10 | parent_sg 0/10  (194.7 min)
49/50 Rb2LiCrF6 sg 225: composition 0/10 | parent_sg 0/10  (195.9 min)
50/50 Li2CrO2F sg 164: composition 0/10 | parent_sg 0/10  (197.9 min)
