number of parameters: 201.74M
1/55 Li9Co7O16: 10 samples, 7 plausible, match unsteered 1.0 steered 1.0  (3.4 min)
2/55 Li4Cr3FeO8: 5 samples, 5 plausible, match unsteered 0.0 steered 0.0  (4.4 min)
3/55 Na2PdF6: 10 samples, 7 plausible, match unsteered 1.0 steered 1.0  (5.0 min)
4/55 Na4Al3Fe(SiO3)8: 40 samples, 0 plausible, match unsteered None steered None  (18.6 min)
5/55 LiFeSO4F: 5 samples, 5 plausible, match unsteered 1.0 steered 1.0  (19.5 min)
6/55 Li2ZnSiO4: 40 samples, 4 plausible, match unsteered 0.0 steered 0.5  (23.6 min)
7/55 NaZr2SN2Cl: 40 samples, 0 plausible, match unsteered 0.0 steered None  (27.1 min)
8/55 Li3(NiO2)8: 40 samples, 0 plausible, match unsteered 0.8 steered None  (32.5 min)
9/55 Li2CrSiO4: 10 samples, 6 plausible, match unsteered 0.8 steered 1.0  (35.8 min)
10/55 Li2MnO2F: 5 samples, 5 plausible, match unsteered 0.2 steered 0.2  (36.4 min)
11/55 K2LiFeO3: 5 samples, 5 plausible, match unsteered 1.0 steered 1.0  (36.7 min)
12/55 Li3V4NiO12: 5 samples, 5 plausible, match unsteered 1.0 steered 1.0  (37.3 min)
13/55 Li2FeCO4: 40 samples, 0 plausible, match unsteered 1.0 steered None  (40.3 min)
14/55 Li3Mn(PO4)2: 5 samples, 5 plausible, match unsteered 1.0 steered 1.0  (41.2 min)
15/55 Li5Ti(SiO4)2: 5 samples, 5 plausible, match unsteered 1.0 steered 1.0  (41.7 min)
16/55 LiFePO4: 5 samples, 5 plausible, match unsteered 0.0 steered 0.0  (42.4 min)
17/55 Li9(FeO4)2: 10 samples, 5 plausible, match unsteered 0.6 steered 0.6  (45.8 min)
18/55 Li4Mn2Fe3Te3O16: 40 samples, 0 plausible, match unsteered None steered None  (59.3 min)
19/55 LiMnF3: 10 samples, 7 plausible, match unsteered 0.2 steered 0.2  (60.9 min)
20/55 Na3(CoO2)5: 10 samples, 5 plausible, match unsteered 1.0 steered 1.0  (64.3 min)
21/55 Li4Fe3(CoO4)3: 5 samples, 5 plausible, match unsteered 1.0 steered 1.0  (65.0 min)
22/55 Na3CrH14(C3O8)2: 5 samples, 5 plausible, match unsteered 1.0 steered 1.0  (66.4 min)
23/55 K4Na4Mo5(WO8)3: 40 samples, 0 plausible, match unsteered None steered None  (80.0 min)
24/55 NaTi3P3O13: 5 samples, 5 plausible, match unsteered 1.0 steered 1.0  (81.0 min)
25/55 LiMnVO4: 5 samples, 5 plausible, match unsteered 0.2 steered 0.2  (81.3 min)
26/55 NaScF3: 20 samples, 8 plausible, match unsteered 0.6 steered 0.0  (81.9 min)
27/55 NaZrNO: 15 samples, 5 plausible, match unsteered 0.2 steered 0.0  (82.5 min)
28/55 NaNbPO: 20 samples, 5 plausible, match unsteered 0.2 steered 0.0  (83.3 min)
29/55 NaCrAsO: 10 samples, 7 plausible, match unsteered 0.6 steered 0.8  (83.7 min)
30/55 NaTbCoS3: 5 samples, 5 plausible, match unsteered 1.0 steered 1.0  (83.9 min)
31/55 LiCeMnO3: 5 samples, 5 plausible, match unsteered 1.0 steered 1.0  (84.2 min)
32/55 NaPrCdS3: 10 samples, 7 plausible, match unsteered 0.6 steered 0.6  (84.8 min)
33/55 LiVCoO4: 10 samples, 9 plausible, match unsteered 0.0 steered 0.0  (85.4 min)
34/55 LiZnPO4: 5 samples, 5 plausible, match unsteered 1.0 steered 1.0  (85.6 min)
35/55 LiTl2MoF6: 10 samples, 6 plausible, match unsteered 1.0 steered 1.0  (86.1 min)
36/55 Na2MgOsO6: 10 samples, 9 plausible, match unsteered 0.8 steered 1.0  (86.6 min)
37/55 Na2CdWO6: 5 samples, 5 plausible, match unsteered 1.0 steered 1.0  (86.9 min)
38/55 Li5CuSO2: 5 samples, 5 plausible, match unsteered 1.0 steered 1.0  (87.1 min)
39/55 CsK2Na2ReO6: 10 samples, 7 plausible, match unsteered 1.0 steered 1.0  (87.8 min)
40/55 KLi4ReO6: 5 samples, 5 plausible, match unsteered 0.0 steered 0.0  (88.2 min)
41/55 Na2CuTcO6: 5 samples, 5 plausible, match unsteered 1.0 steered 1.0  (88.4 min)
42/55 LiNbSeO: 25 samples, 7 plausible, match unsteered 0.0 steered 0.0  (89.6 min)
43/55 NaTiF4: 5 samples, 5 plausible, match unsteered 0.0 steered 0.0  (89.8 min)
44/55 NaNdCoWO6: 5 samples, 5 plausible, match unsteered 1.0 steered 1.0  (90.3 min)
45/55 Li5IrO4: 5 samples, 5 plausible, match unsteered 0.4 steered 0.4  (90.5 min)
46/55 Na6MnO5: 5 samples, 5 plausible, match unsteered 1.0 steered 1.0  (90.8 min)
47/55 Li2TiCdO4: 5 samples, 5 plausible, match unsteered 0.8 steered 0.8  (91.0 min)
48/55 Na3Cu2AsO6: 40 samples, 3 plausible, match unsteered 1.0 steered 1.0  (93.4 min)
49/55 Ba4Na(WO4)3: 40 samples, 0 plausible, match unsteered 1.0 steered None  (96.2 min)
50/55 NaNd2OsO6: 5 samples, 5 plausible, match unsteered 1.0 steered 1.0  (96.4 min)
51/55 NaCo(CO)4: 40 samples, 0 plausible, match unsteered 0.0 steered None  (100.8 min)
52/55 NaNbO3: 10 samples, 7 plausible, match unsteered 0.4 steered 0.4  (102.3 min)
53/55 NaY(Pd3O4)2: 5 samples, 5 plausible, match unsteered 1.0 steered 1.0  (102.5 min)
54/55 Li3MnPbO6: 5 samples, 5 plausible, match unsteered 1.0 steered 1.0  (102.8 min)
55/55 LiWO3: 5 samples, 5 plausible, match unsteered 0.2 steered 0.2  (103.0 min)
{'compositions': 55, 'reached_target_plausible': 45, 'mean_samples': 13.6, 'valid_share': 0.821, 'unsteered_match_mean': 0.665, 'steered_match_mean_same_compositions': 0.679, 'unsteered_match_mean_same_compositions': 0.677, 'kg_top1_match': 0.673, 'any_match': 0.885}
