1/55 Li9Co7O16
2/55 Li4Cr3FeO8
3/55 Na2PdF6
4/55 Na4Al3Fe(SiO3)8
5/55 LiFeSO4F
6/55 Li2ZnSiO4
7/55 NaZr2SN2Cl
8/55 Li3(NiO2)8
9/55 Li2CrSiO4
10/55 Li2MnO2F
11/55 K2LiFeO3
12/55 Li3V4NiO12
13/55 Li2FeCO4
14/55 Li3Mn(PO4)2
15/55 Li5Ti(SiO4)2
16/55 LiFePO4
17/55 Li9(FeO4)2
18/55 Li4Mn2Fe3Te3O16
19/55 LiMnF3
20/55 Na3(CoO2)5
21/55 Li4Fe3(CoO4)3
22/55 Na3CrH14(C3O8)2
23/55 K4Na4Mo5(WO8)3
24/55 NaTi3P3O13
25/55 LiMnVO4
26/55 NaScF3
27/55 NaZrNO
28/55 NaNbPO
29/55 NaCrAsO
30/55 NaTbCoS3
31/55 LiCeMnO3
32/55 NaPrCdS3
33/55 LiVCoO4
34/55 LiZnPO4
35/55 LiTl2MoF6
36/55 Na2MgOsO6
37/55 Na2CdWO6
38/55 Li5CuSO2
39/55 CsK2Na2ReO6
40/55 KLi4ReO6
41/55 Na2CuTcO6
42/55 LiNbSeO
43/55 NaTiF4
44/55 NaNdCoWO6
45/55 Li5IrO4
46/55 Na6MnO5
47/55 Li2TiCdO4
48/55 Na3Cu2AsO6
49/55 Ba4Na(WO4)3
50/55 NaNd2OsO6
51/55 NaCo(CO)4
52/55 NaNbO3
53/55 NaY(Pd3O4)2
54/55 Li3MnPbO6
55/55 LiWO3
composition | cathode-like {'materials': 55, 'valid_cifs': 501, 'right_composition': 0.996, 'right_space_group': 0.703, 'strict_match': 0.635, 'loose_match': 0.649, 'materials_with_loose_match': 46, 'materials_with_right_space_group': 47, 'median_volume_ratio': 1.0}
oracle | cathode-like {'materials': 55, 'valid_cifs': 539, 'right_composition': 0.998, 'right_space_group': 0.996, 'strict_match': 0.814, 'loose_match': 0.855, 'materials_with_loose_match': 50, 'materials_with_right_space_group': 54, 'median_volume_ratio': 1.0}
rf_top5 | cathode-like {'materials': 55, 'valid_cifs': 480, 'right_composition': 0.642, 'right_space_group': 0.11, 'strict_match': 0.11, 'loose_match': 0.121, 'materials_with_loose_match': 29, 'materials_with_right_space_group': 26, 'median_volume_ratio': 0.99}
