CHGNet v0.3.0 initialized with 412,525 parameters
CHGNet will run on cuda
CHGNet will run on cpu
1/55 Li9Co7O16: best dE composition +0.000 | oracle -0.000  (0.6 min)
2/55 Li4Cr3FeO8: best dE composition +0.001 | oracle -0.000  (3.3 min)
3/55 Na2PdF6: best dE composition -0.000 | oracle -0.000  (4.1 min)
4/55 Na4Al3Fe(SiO3)8: best dE composition - | oracle -0.000  (4.4 min)
5/55 LiFeSO4F: best dE composition +0.000 | oracle +0.000  (4.5 min)
6/55 Li2ZnSiO4: best dE composition +0.001 | oracle +0.004  (9.8 min)
7/55 NaZr2SN2Cl: best dE composition +0.002 | oracle -0.001  (12.4 min)
8/55 Li3(NiO2)8: best dE composition +0.000 | oracle +0.000  (12.7 min)
9/55 Li2CrSiO4: best dE composition -0.000 | oracle -0.000  (14.8 min)
10/55 Li2MnO2F: best dE composition +0.036 | oracle +0.001  (15.2 min)
11/55 K2LiFeO3: best dE composition +0.000 | oracle -0.000  (15.8 min)
12/55 Li3V4NiO12: best dE composition +0.000 | oracle +0.000  (16.8 min)
13/55 Li2FeCO4: best dE composition -0.001 | oracle -0.001  (18.0 min)
14/55 Li3Mn(PO4)2: best dE composition -0.001 | oracle +0.000  (18.3 min)
15/55 Li5Ti(SiO4)2: best dE composition -0.000 | oracle -0.000  (18.5 min)
16/55 LiFePO4: best dE composition -0.023 | oracle -0.023  (22.3 min)
17/55 Li9(FeO4)2: best dE composition -0.001 | oracle +0.000  (22.8 min)
18/55 Li4Mn2Fe3Te3O16: best dE composition - | oracle -  (22.9 min)
19/55 LiMnF3: best dE composition -0.007 | oracle -0.001  (23.7 min)
20/55 Na3(CoO2)5: best dE composition +0.000 | oracle +0.000  (24.0 min)
21/55 Li4Fe3(CoO4)3: best dE composition +0.000 | oracle +0.000  (25.3 min)
22/55 Na3CrH14(C3O8)2: best dE composition +0.000 | oracle +0.000  (29.6 min)
23/55 K4Na4Mo5(WO8)3: best dE composition - | oracle +0.000  (30.2 min)
24/55 NaTi3P3O13: best dE composition +0.000 | oracle +0.000  (30.9 min)
25/55 LiMnVO4: best dE composition +0.001 | oracle +0.000  (32.2 min)
26/55 NaScF3: best dE composition -0.664 | oracle -0.664  (32.4 min)
27/55 NaZrNO: best dE composition -0.230 | oracle -0.081  (33.5 min)
28/55 NaNbPO: best dE composition +0.115 | oracle -0.008  (34.0 min)
29/55 NaCrAsO: best dE composition -0.004 | oracle -0.002  (34.4 min)
30/55 NaTbCoS3: best dE composition -0.001 | oracle -0.000  (34.6 min)
31/55 LiCeMnO3: best dE composition -0.028 | oracle -0.027  (36.2 min)
32/55 NaPrCdS3: best dE composition +0.000 | oracle +0.025  (37.1 min)
33/55 LiVCoO4: best dE composition +0.026 | oracle -0.000  (38.4 min)
34/55 LiZnPO4: best dE composition +0.000 | oracle -0.000  (39.0 min)
35/55 LiTl2MoF6: best dE composition -0.001 | oracle -0.001  (41.3 min)
36/55 Na2MgOsO6: best dE composition +0.000 | oracle -0.000  (42.8 min)
37/55 Na2CdWO6: best dE composition -0.000 | oracle -0.000  (44.0 min)
38/55 Li5CuSO2: best dE composition -0.000 | oracle -0.000  (44.7 min)
39/55 CsK2Na2ReO6: best dE composition +0.000 | oracle -0.000  (45.7 min)
40/55 KLi4ReO6: best dE composition -0.022 | oracle -0.001  (51.2 min)
41/55 Na2CuTcO6: best dE composition -0.001 | oracle -0.001  (53.0 min)
42/55 LiNbSeO: best dE composition -0.001 | oracle -0.001  (53.4 min)
43/55 NaTiF4: best dE composition +0.004 | oracle -0.001  (55.0 min)
44/55 NaNdCoWO6: best dE composition +0.000 | oracle +0.000  (55.9 min)
45/55 Li5IrO4: best dE composition -0.000 | oracle +0.000  (57.7 min)
46/55 Na6MnO5: best dE composition +0.000 | oracle +0.000  (58.9 min)
47/55 Li2TiCdO4: best dE composition +0.000 | oracle -0.000  (59.8 min)
48/55 Na3Cu2AsO6: best dE composition -0.001 | oracle -0.001  (61.1 min)
49/55 Ba4Na(WO4)3: best dE composition +0.000 | oracle +0.000  (62.5 min)
50/55 NaNd2OsO6: best dE composition -0.000 | oracle -0.000  (63.0 min)
51/55 NaCo(CO)4: best dE composition -0.031 | oracle +0.299  (72.4 min)
52/55 NaNbO3: best dE composition +0.000 | oracle +0.000  (74.2 min)
53/55 NaY(Pd3O4)2: best dE composition -0.000 | oracle -0.000  (74.5 min)
54/55 Li3MnPbO6: best dE composition +0.000 | oracle +0.000  (75.8 min)
55/55 LiWO3: best dE composition -0.254 | oracle -0.280  (77.8 min)
composition {'candidates_relaxed': 257, 'materials': 52, 'median_dE': 0.0001, 'within_0.05_eV': 0.887, 'within_0.10_eV': 0.918, 'materials_best_within_0.05_eV': 51, 'materials_best_below_true': 8, 'match_after_relax': 171, 'materials_match_after_relax': 42}
oracle {'candidates_relaxed': 270, 'materials': 54, 'median_dE': 0.0, 'within_0.05_eV': 0.941, 'within_0.10_eV': 0.956, 'materials_best_within_0.05_eV': 53, 'materials_best_below_true': 6, 'match_after_relax': 227, 'materials_match_after_relax': 50}
