CHGNet v0.3.0 initialized with 412,525 parameters
CHGNet will run on cuda
CHGNet will run on cpu
1/55 Li9Co7O16: best dE composition +0.012 | oracle +0.127  (7.6 min)
2/55 Li4Cr3FeO8: best dE composition +0.000 | oracle +0.000  (12.1 min)
3/55 Na2PdF6: best dE composition +0.001 | oracle -0.000  (13.3 min)
4/55 Na4Al3Fe(SiO3)8: best dE composition - | oracle +0.000  (16.6 min)
5/55 LiFeSO4F: best dE composition -0.003 | oracle -0.003  (18.5 min)
6/55 Li2ZnSiO4: best dE composition -0.001 | oracle +0.005  (25.1 min)
7/55 NaZr2SN2Cl: best dE composition +0.189 | oracle +0.134  (29.4 min)
8/55 Li3(NiO2)8: best dE composition +0.036 | oracle +0.053  (34.7 min)
9/55 Li2CrSiO4: best dE composition +0.000 | oracle -0.000  (38.8 min)
10/55 Li2MnO2F: best dE composition +0.000 | oracle -0.028  (39.9 min)
11/55 K2LiFeO3: best dE composition +0.000 | oracle +0.000  (41.2 min)
12/55 Li3V4NiO12: best dE composition +0.001 | oracle +0.000  (44.7 min)
13/55 Li2FeCO4: best dE composition -0.002 | oracle +0.001  (48.5 min)
14/55 Li3Mn(PO4)2: best dE composition +0.008 | oracle -0.001  (52.6 min)
15/55 Li5Ti(SiO4)2: best dE composition +0.000 | oracle +0.001  (55.1 min)
16/55 LiFePO4: best dE composition -0.043 | oracle -0.011  (58.7 min)
17/55 Li9(FeO4)2: best dE composition +0.008 | oracle -0.142  (67.5 min)
18/55 Li4Mn2Fe3Te3O16: best dE composition - | oracle -  (67.6 min)
19/55 LiMnF3: best dE composition +0.000 | oracle -0.000  (68.7 min)
20/55 Na3(CoO2)5: best dE composition +0.129 | oracle +0.062  (74.6 min)
21/55 Li4Fe3(CoO4)3: best dE composition +0.000 | oracle -0.000  (77.7 min)
22/55 Na3CrH14(C3O8)2: best dE composition +0.027 | oracle +0.041  (93.7 min)
23/55 K4Na4Mo5(WO8)3: best dE composition - | oracle -0.004  (96.3 min)
24/55 NaTi3P3O13: best dE composition -0.000 | oracle -0.000  (98.1 min)
25/55 LiMnVO4: best dE composition +0.007 | oracle +0.001  (99.4 min)
26/55 NaScF3: best dE composition -0.664 | oracle -0.664  (99.5 min)
27/55 NaZrNO: best dE composition -0.231 | oracle +0.197  (101.5 min)
28/55 NaNbPO: best dE composition +0.000 | oracle -0.008  (101.9 min)
29/55 NaCrAsO: best dE composition -0.003 | oracle -0.004  (102.3 min)
30/55 NaTbCoS3: best dE composition -0.000 | oracle -0.000  (102.5 min)
31/55 LiCeMnO3: best dE composition -0.089 | oracle -0.089  (104.5 min)
32/55 NaPrCdS3: best dE composition +0.031 | oracle +0.000  (104.8 min)
33/55 LiVCoO4: best dE composition -0.007 | oracle -0.000  (106.2 min)
34/55 LiZnPO4: best dE composition -0.001 | oracle -0.000  (107.5 min)
35/55 LiTl2MoF6: best dE composition -0.000 | oracle -0.001  (109.8 min)
36/55 Na2MgOsO6: best dE composition -0.000 | oracle -0.000  (111.5 min)
37/55 Na2CdWO6: best dE composition -0.000 | oracle -0.000  (112.6 min)
38/55 Li5CuSO2: best dE composition -0.000 | oracle -0.000  (113.3 min)
39/55 CsK2Na2ReO6: best dE composition -0.000 | oracle -0.000  (114.4 min)
40/55 KLi4ReO6: best dE composition -0.021 | oracle -0.026  (117.1 min)
41/55 Na2CuTcO6: best dE composition -0.000 | oracle -0.001  (119.0 min)
42/55 LiNbSeO: best dE composition -0.008 | oracle -0.001  (119.3 min)
43/55 NaTiF4: best dE composition +0.004 | oracle +0.000  (121.2 min)
44/55 NaNdCoWO6: best dE composition +0.000 | oracle +0.000  (122.1 min)
45/55 Li5IrO4: best dE composition -0.020 | oracle -0.014  (123.3 min)
46/55 Na6MnO5: best dE composition +0.000 | oracle +0.000  (124.5 min)
47/55 Li2TiCdO4: best dE composition +0.000 | oracle +0.000  (125.2 min)
48/55 Na3Cu2AsO6: best dE composition -0.001 | oracle -0.001  (126.4 min)
49/55 Ba4Na(WO4)3: best dE composition +0.000 | oracle -0.000  (127.7 min)
50/55 NaNd2OsO6: best dE composition -0.000 | oracle -0.000  (128.2 min)
51/55 NaCo(CO)4: best dE composition -0.024 | oracle +0.054  (137.5 min)
52/55 NaNbO3: best dE composition +0.008 | oracle +0.003  (144.2 min)
53/55 NaY(Pd3O4)2: best dE composition +0.000 | oracle +0.000  (144.6 min)
54/55 Li3MnPbO6: best dE composition +0.000 | oracle +0.000  (145.8 min)
55/55 LiWO3: best dE composition -0.290 | oracle -0.289  (148.1 min)
composition {'candidates_relaxed': 259, 'materials': 52, 'median_dE': 0.001, 'within_0.05_eV': 0.772, 'within_0.10_eV': 0.815, 'materials_best_within_0.05_eV': 50, 'materials_best_below_true': 10, 'match_after_relax': 126, 'materials_match_after_relax': 36}
oracle {'candidates_relaxed': 269, 'materials': 54, 'median_dE': 0.0005, 'within_0.05_eV': 0.755, 'within_0.10_eV': 0.814, 'materials_best_within_0.05_eV': 48, 'materials_best_below_true': 9, 'match_after_relax': 162, 'materials_match_after_relax': 43}
