number of parameters: 25.36M
1/95 NaZr2Fe sg 8: composition 3/10 | oracle 10/10  (0.2 min)
2/95 NaHfIn2 sg 225: composition 3/10 | oracle 10/10  (0.6 min)
3/95 LiH3CO3 sg 33: composition 0/10 | oracle 0/10  (0.9 min)
4/95 Li2NbCd sg 10: composition 1/10 | oracle 10/10  (1.1 min)
5/95 Na3Hf sg 10: composition 0/10 | oracle 10/10  (1.3 min)
6/95 Li4Cu5 sg 139: composition 4/10 | oracle 10/10  (1.5 min)
7/95 NaSrCoAu sg 216: composition 10/10 | oracle 10/10  (1.8 min)
8/95 NaGdHgTe3 sg 63: composition 6/10 | oracle 10/10  (2.1 min)
9/95 Na2LaOs sg 99: composition 1/10 | oracle 10/10  (2.3 min)
10/95 Na2LaSe sg 225: composition 7/10 | oracle 10/10  (2.7 min)
11/95 NaGe2Pt sg 71: composition 1/10 | oracle 10/10  (2.9 min)
12/95 Li3La sg 71: composition 5/10 | oracle 10/10  (3.1 min)
13/95 SrLiBiW sg 216: composition 9/10 | oracle 8/10  (3.4 min)
14/95 LiVGaPd sg 216: composition 9/10 | oracle 8/10  (3.7 min)
15/95 Na2CuSb sg 225: composition 2/10 | oracle 10/10  (4.1 min)
16/95 NaGaCuRu sg 216: composition 10/10 | oracle 10/10  (4.4 min)
17/95 Li2DyU sg 225: composition 10/10 | oracle 10/10  (4.9 min)
18/95 LiCdSi2 sg 65: composition 1/10 | oracle 10/10  (5.1 min)
19/95 Na2ReMo sg 65: composition 3/10 | oracle 10/10  (5.3 min)
20/95 NaFeAg2 sg 12: composition 1/10 | oracle 10/10  (5.5 min)
21/95 Li5Hf sg 216: composition 10/10 | oracle 10/10  (5.7 min)
22/95 LiMnPdPb sg 216: composition 10/10 | oracle 8/10  (6.1 min)
23/95 LiMgB4 sg 191: composition 10/10 | oracle 10/10  (6.2 min)
24/95 NaTi2Cu sg 10: composition 2/10 | oracle 10/10  (6.4 min)
25/95 KLiPt sg 44: composition 8/10 | oracle 10/10  (6.6 min)
26/95 LiVRe sg 156: composition 7/10 | oracle 5/10  (6.8 min)
27/95 Na2AgSb sg 123: composition 1/10 | oracle 8/10  (7.0 min)
28/95 NaSrIrW sg 216: composition 10/10 | oracle 10/10  (7.3 min)
29/95 NaZrScTc sg 216: composition 10/10 | oracle 10/10  (7.7 min)
30/95 NaHfAsRu sg 216: composition 10/10 | oracle 10/10  (8.0 min)
31/95 NaSr2Ca sg 71: composition 1/10 | oracle 10/10  (8.2 min)
32/95 Li2MgMn sg 119: composition 0/10 | oracle 10/10  (8.4 min)
33/95 NaCr2Cd sg 71: composition 1/10 | oracle 10/10  (8.7 min)
34/95 NaMgIr2 sg 139: composition 2/10 | oracle 10/10  (8.9 min)
35/95 Na2TlTc sg 160: composition 0/10 | oracle 10/10  (9.1 min)
36/95 Na2SiGe sg 160: composition 0/10 | oracle 10/10  (9.3 min)
37/95 NaMg2Cr sg 65: composition 1/10 | oracle 6/10  (9.5 min)
38/95 NaNbBr sg 107: composition 10/10 | oracle 10/10  (9.6 min)
39/95 LiYCd sg 156: composition 4/10 | oracle 10/10  (9.8 min)
40/95 LiCdRu2 sg 35: composition 1/10 | oracle 10/10  (10.0 min)
41/95 NaAg2Cl sg 99: composition 4/10 | oracle 10/10  (10.2 min)
42/95 NaZn2As sg 38: composition 1/10 | oracle 10/10  (10.4 min)
43/95 Li2ZnCr sg 25: composition 4/10 | oracle 10/10  (10.6 min)
44/95 NaYMnCr sg 216: composition 6/10 | oracle 4/10  (11.0 min)
45/95 NaZrAl2 sg 119: composition 3/10 | oracle 10/10  (11.2 min)
46/95 Sr2LiGa sg 71: composition 0/10 | oracle 7/10  (11.4 min)
47/95 NaCaMn2 sg 225: composition 5/10 | oracle 10/10  (11.9 min)
48/95 NaTbFeSe3 sg 62: composition 2/10 | oracle 7/10  (12.2 min)
49/95 NaCrSi sg 216: composition 6/10 | oracle 9/10  (12.4 min)
50/95 LiMnRe sg 216: composition 4/10 | oracle 9/10  (12.7 min)
51/95 Li2Ti2InGaPd2 sg 115: composition 10/10 | oracle 10/10  (13.0 min)
52/95 K2LiBr sg 47: composition 3/10 | oracle 7/10  (13.2 min)
53/95 LiBi3(ClO2)2 sg 63: composition 2/10 | oracle 3/10  (13.6 min)
54/95 Li2HfRe sg 99: composition 0/10 | oracle 9/10  (13.8 min)
55/95 BaLiTi2 sg 65: composition 2/10 | oracle 10/10  (14.0 min)
56/95 LiMgNb2 sg 8: composition 3/10 | oracle 10/10  (14.2 min)
57/95 Na2FeAg sg 71: composition 0/10 | oracle 10/10  (14.4 min)
58/95 LiBi2Se sg 71: composition 1/10 | oracle 10/10  (14.6 min)
59/95 KRb2Li sg 225: composition 10/10 | oracle 10/10  (15.1 min)
60/95 Na2GaBi2 sg 139: composition 8/10 | oracle 8/10  (15.3 min)
61/95 LiTl2Si sg 65: composition 0/10 | oracle 2/10  (15.5 min)
62/95 NaNi2Pd sg 47: composition 1/10 | oracle 10/10  (15.7 min)
63/95 LiCa2P sg 10: composition 2/10 | oracle 10/10  (15.9 min)
64/95 LiMgPb sg 44: composition 8/10 | oracle 10/10  (16.0 min)
65/95 LiLaO3 sg 62: composition 9/10 | oracle 9/10  (16.2 min)
66/95 LiMg2Mo sg 225: composition 3/10 | oracle 10/10  (16.7 min)
67/95 LiPrZnSe3 sg 11: composition 10/10 | oracle 10/10  (17.0 min)
68/95 Ba2LiNi sg 35: composition 0/10 | oracle 0/10  (17.2 min)
69/95 LiTiIr sg 44: composition 10/10 | oracle 10/10  (17.4 min)
70/95 Ba2LiAu sg 71: composition 3/10 | oracle 9/10  (17.5 min)
71/95 Na2Pb2O3 sg 166: composition 8/10 | oracle 9/10  (17.8 min)
72/95 Li4CuTc sg 216: composition 10/10 | oracle 10/10  (18.0 min)
73/95 LiGeIr2 sg 25: composition 3/10 | oracle 10/10  (18.2 min)
74/95 LiBe2Os sg 139: composition 1/10 | oracle 10/10  (18.4 min)
75/95 BaLi2Te sg 99: composition 1/10 | oracle 10/10  (18.7 min)
76/95 NaSc2Nb sg 216: composition 8/10 | oracle 10/10  (19.0 min)
77/95 NaAl4Se sg 216: composition 10/10 | oracle 10/10  (19.3 min)
78/95 KNaNbBi sg 216: composition 9/10 | oracle 7/10  (19.6 min)
79/95 NaPdRh4 sg 216: composition 10/10 | oracle 10/10  (19.9 min)
80/95 LiCr2Te sg 225: composition 6/10 | oracle 10/10  (20.3 min)
81/95 Li2CaIn sg 6: composition 2/10 | oracle 9/10  (20.5 min)
82/95 LiBeRu2 sg 35: composition 0/10 | oracle 10/10  (20.7 min)
83/95 Na2CuAg sg 99: composition 3/10 | oracle 10/10  (21.0 min)
84/95 SrLi2Cu sg 44: composition 0/10 | oracle 10/10  (21.2 min)
85/95 K2LiAl sg 44: composition 2/10 | oracle 10/10  (21.4 min)
86/95 NaOs2Pd sg 10: composition 5/10 | oracle 10/10  (21.6 min)
87/95 Li2LaB sg 123: composition 0/10 | oracle 10/10  (21.8 min)
88/95 NaSn2Pt sg 44: composition 1/10 | oracle 7/10  (22.0 min)
89/95 Na2AgTe sg 35: composition 2/10 | oracle 10/10  (22.2 min)
90/95 LiHf2As sg 139: composition 1/10 | oracle 10/10  (22.4 min)
91/95 Na4TaTl sg 216: composition 10/10 | oracle 10/10  (22.6 min)
92/95 NaLiBi2 sg 99: composition 1/10 | oracle 8/10  (22.8 min)
93/95 LiCr2Ag sg 71: composition 1/10 | oracle 10/10  (23.0 min)
94/95 LiBeOs2 sg 6: composition 0/10 | oracle 10/10  (23.2 min)
95/95 NaLiAg2 sg 119: composition 2/10 | oracle 10/10  (23.5 min)
