1/95 NaZr2Fe
2/95 NaHfIn2
3/95 LiH3CO3
4/95 Li2NbCd
5/95 Na3Hf
6/95 Li4Cu5
7/95 NaSrCoAu
8/95 NaGdHgTe3
9/95 Na2LaOs
10/95 Na2LaSe
11/95 NaGe2Pt
12/95 Li3La
13/95 SrLiBiW
14/95 LiVGaPd
15/95 Na2CuSb
16/95 NaGaCuRu
17/95 Li2DyU
18/95 LiCdSi2
19/95 Na2ReMo
20/95 NaFeAg2
21/95 Li5Hf
22/95 LiMnPdPb
23/95 LiMgB4
24/95 NaTi2Cu
25/95 KLiPt
26/95 LiVRe
27/95 Na2AgSb
28/95 NaSrIrW
29/95 NaZrScTc
30/95 NaHfAsRu
31/95 NaSr2Ca
32/95 Li2MgMn
33/95 NaCr2Cd
34/95 NaMgIr2
35/95 Na2TlTc
36/95 Na2SiGe
37/95 NaMg2Cr
38/95 NaNbBr
39/95 LiYCd
40/95 LiCdRu2
41/95 NaAg2Cl
42/95 NaZn2As
43/95 Li2ZnCr
44/95 NaYMnCr
45/95 NaZrAl2
46/95 Sr2LiGa
47/95 NaCaMn2
48/95 NaTbFeSe3
49/95 NaCrSi
50/95 LiMnRe
51/95 Li2Ti2InGaPd2
52/95 K2LiBr
53/95 LiBi3(ClO2)2
54/95 Li2HfRe
55/95 BaLiTi2
56/95 LiMgNb2
57/95 Na2FeAg
58/95 LiBi2Se
59/95 KRb2Li
60/95 Na2GaBi2
61/95 LiTl2Si
62/95 NaNi2Pd
63/95 LiCa2P
64/95 LiMgPb
65/95 LiLaO3
66/95 LiMg2Mo
67/95 LiPrZnSe3
68/95 Ba2LiNi
69/95 LiTiIr
70/95 Ba2LiAu
71/95 Na2Pb2O3
72/95 Li4CuTc
73/95 LiGeIr2
74/95 LiBe2Os
75/95 BaLi2Te
76/95 NaSc2Nb
77/95 NaAl4Se
78/95 KNaNbBi
79/95 NaPdRh4
80/95 LiCr2Te
81/95 Li2CaIn
82/95 LiBeRu2
83/95 Na2CuAg
84/95 SrLi2Cu
85/95 K2LiAl
86/95 NaOs2Pd
87/95 Li2LaB
88/95 NaSn2Pt
89/95 Na2AgTe
90/95 LiHf2As
91/95 Na4TaTl
92/95 NaLiBi2
93/95 LiCr2Ag
94/95 LiBeOs2
95/95 NaLiAg2
composition | other {'materials': 95, 'valid_cifs': 949, 'right_composition': 1.0, 'right_space_group': 0.432, 'strict_match': 0.421, 'loose_match': 0.494, 'materials_with_loose_match': 85, 'materials_with_right_space_group': 81, 'median_volume_ratio': 0.997}
oracle | other {'materials': 95, 'valid_cifs': 948, 'right_composition': 1.0, 'right_space_group': 0.991, 'strict_match': 0.914, 'loose_match': 0.923, 'materials_with_loose_match': 94, 'materials_with_right_space_group': 95, 'median_volume_ratio': 1.0}
