number of parameters: 25.36M
1/20 LiCoO2 sg 166: composition 10/10 | oracle 10/10  (0.2 min)
2/20 LiMn2O4 sg 227: composition 0/10 | oracle 2/10  (1.2 min)
3/20 LiNiO2 sg 166: composition 10/10 | oracle 10/10  (1.4 min)
4/20 LiMnPO4 sg 62: composition 3/10 | oracle 10/10  (1.9 min)
5/20 LiCoPO4 sg 7: composition 0/10 | oracle 0/10  (2.6 min)
6/20 LiTi2O4 sg 227: composition 0/10 | oracle 0/10  (3.0 min)
7/20 Li2MnO3 sg 12: composition 7/10 | oracle 10/10  (3.3 min)
8/20 LiVO2 sg 166: composition 0/10 | oracle 0/10  (3.6 min)
9/20 LiCrO2 sg 166: composition 0/10 | oracle 2/10  (3.8 min)
10/20 LiFeO2 sg 59: composition 3/10 | oracle 10/10  (4.0 min)
11/20 LiMnO2 sg 12: composition 0/10 | oracle 2/10  (4.1 min)
12/20 NaCoO2 sg 166: composition 0/10 | oracle 1/10  (4.3 min)
13/20 NaFePO4 sg 62: composition 4/10 | oracle 3/10  (4.6 min)
14/20 NaCrO2 sg 166: composition 0/10 | oracle 2/10  (4.8 min)
15/20 NaFeO2 sg 166: composition 0/10 | oracle 1/10  (5.0 min)
16/20 NaMnO2 sg 12: composition 0/10 | oracle 0/10  (5.2 min)
17/20 LiNbO3 sg 161: composition 0/10 | oracle 0/10  (6.1 min)
18/20 Li2FeSiO4 sg 31: composition 0/10 | oracle 0/10  (6.7 min)
19/20 LiVPO4F sg 2: composition 0/10 | oracle 0/10  (7.4 min)
20/20 Li2S sg 225: composition 0/10 | oracle 10/10  (7.6 min)
