number of parameters: 201.74M
1/20 LiCoO2 sg 166: composition 10/10 | oracle 10/10  (0.7 min)
2/20 LiMn2O4 sg 227: composition 0/10 | oracle 0/10  (12.4 min)
3/20 LiNiO2 sg 166: composition 10/10 | oracle 10/10  (13.1 min)
4/20 LiMnPO4 sg 62: composition 0/10 | oracle 3/10  (25.0 min)
5/20 LiCoPO4 sg 7: composition 0/10 | oracle 0/10  (28.2 min)
6/20 LiTi2O4 sg 227: composition 0/10 | oracle 0/10  (29.4 min)
7/20 Li2MnO3 sg 12: composition 0/10 | oracle 10/10  (38.4 min)
8/20 LiVO2 sg 166: composition 0/10 | oracle 0/10  (39.4 min)
9/20 LiCrO2 sg 166: composition 0/10 | oracle 0/10  (40.1 min)
10/20 LiFeO2 sg 59: composition 3/10 | oracle 10/10  (40.9 min)
11/20 LiMnO2 sg 12: composition 0/10 | oracle 0/10  (41.7 min)
12/20 NaCoO2 sg 166: composition 0/10 | oracle 0/10  (42.4 min)
13/20 NaFePO4 sg 62: composition 3/10 | oracle 7/10  (44.7 min)
14/20 NaCrO2 sg 166: composition 0/10 | oracle 0/10  (45.4 min)
15/20 NaFeO2 sg 166: composition 0/10 | oracle 0/10  (46.2 min)
16/20 NaMnO2 sg 12: composition 0/10 | oracle 0/10  (46.9 min)
17/20 LiNbO3 sg 161: composition 0/10 | oracle 0/10  (58.8 min)
18/20 Li2FeSiO4 sg 31: composition 0/10 | oracle 0/10  (62.2 min)
19/20 LiVPO4F sg 2: composition 0/10 | oracle 0/10  (75.6 min)
20/20 Li2S sg 225: composition 0/10 | oracle 0/10  (76.2 min)
