number of parameters: 25.36M
1/55 Li9Co7O16 sg 2: composition 0/10 | rf_top5 0/10 | oracle 0/10  (1.6 min)
2/55 Li4Cr3FeO8 sg 12: composition 0/10 | rf_top5 0/10 | oracle 0/10  (2.7 min)
3/55 Na2PdF6 sg 150: composition 0/10 | rf_top5 0/10 | oracle 0/10  (3.3 min)
4/55 Na4Al3Fe(SiO3)8 sg 3: composition 0/10 | rf_top5 0/10 | oracle 0/10  (5.7 min)
5/55 LiFeSO4F sg 1: composition 7/10 | rf_top5 1/10 | oracle 4/10  (6.8 min)
6/55 Li2ZnSiO4 sg 14: composition 0/10 | rf_top5 0/10 | oracle 0/10  (7.6 min)
7/55 NaZr2SN2Cl sg 14: composition 0/10 | rf_top5 0/10 | oracle 0/10  (8.2 min)
8/55 Li3(NiO2)8 sg 2: composition 0/10 | rf_top5 0/10 | oracle 0/10  (10.1 min)
9/55 Li2CrSiO4 sg 152: composition 0/10 | rf_top5 0/10 | oracle 0/10  (11.3 min)
10/55 Li2MnO2F sg 164: composition 0/10 | rf_top5 0/10 | oracle 0/10  (11.9 min)
11/55 K2LiFeO3 sg 67: composition 0/10 | rf_top5 0/10 | oracle 0/10  (12.5 min)
12/55 Li3V4NiO12 sg 5: composition 0/10 | rf_top5 0/10 | oracle 0/10  (13.7 min)
13/55 Li2FeCO4 sg 14: composition 0/10 | rf_top5 0/10 | oracle 0/10  (14.4 min)
14/55 Li3Mn(PO4)2 sg 11: composition 0/10 | rf_top5 0/10 | oracle 0/10  (15.9 min)
15/55 Li5Ti(SiO4)2 sg 5: composition 0/10 | rf_top5 0/10 | oracle 0/10  (16.7 min)
16/55 LiFePO4 sg 19: composition 0/10 | rf_top5 0/10 | oracle 0/10  (17.4 min)
17/55 Li9(FeO4)2 sg 5: composition 0/10 | rf_top5 0/10 | oracle 0/10  (18.9 min)
18/55 Li4Mn2Fe3Te3O16 sg 1: composition 0/10 | rf_top5 0/10 | oracle 0/10  (21.4 min)
19/55 LiMnF3 sg 62: composition 0/10 | rf_top5 0/10 | oracle 0/10  (21.7 min)
20/55 Na3(CoO2)5 sg 8: composition 0/10 | rf_top5 0/10 | oracle 0/10  (23.4 min)
21/55 Li4Fe3(CoO4)3 sg 2: composition 0/10 | rf_top5 0/10 | oracle 0/10  (24.9 min)
22/55 Na3CrH14(C3O8)2 sg 2: composition 0/10 | rf_top5 0/10 | oracle 0/10  (26.9 min)
23/55 K4Na4Mo5(WO8)3 sg 25: composition 0/10 | rf_top5 0/10 | oracle 0/10  (29.4 min)
24/55 NaTi3P3O13 sg 11: composition 0/10 | rf_top5 0/10 | oracle 0/10  (30.8 min)
25/55 LiMnVO4 sg 63: composition 0/10 | rf_top5 0/10 | oracle 0/10  (31.6 min)
26/55 NaScF3 sg 221: composition 0/10 | rf_top5 0/10 | oracle 0/10  (32.0 min)
27/55 NaZrNO sg 29: composition 0/10 | rf_top5 0/10 | oracle 0/10  (32.4 min)
28/55 NaNbPO sg 26: composition 0/10 | rf_top5 0/10 | oracle 0/10  (32.8 min)
29/55 NaCrAsO sg 51: composition 0/10 | rf_top5 0/10 | oracle 0/10  (33.2 min)
30/55 NaTbCoS3 sg 63: composition 0/10 | rf_top5 0/10 | oracle 0/10  (33.7 min)
31/55 LiCeMnO3 sg 63: composition 0/10 | rf_top5 0/10 | oracle 0/10  (34.2 min)
32/55 NaPrCdS3 sg 62: composition 0/10 | rf_top5 0/10 | oracle 0/10  (34.8 min)
33/55 LiVCoO4 sg 63: composition 0/10 | rf_top5 0/10 | oracle 0/10  (35.4 min)
34/55 LiZnPO4 sg 82: composition 0/10 | rf_top5 0/10 | oracle 0/10  (36.1 min)
35/55 LiTl2MoF6 sg 225: composition 0/10 | rf_top5 0/10 | oracle 0/10  (37.1 min)
36/55 Na2MgOsO6 sg 225: composition 0/10 | rf_top5 0/10 | oracle 0/10  (38.2 min)
37/55 Na2CdWO6 sg 225: composition 0/10 | rf_top5 0/10 | oracle 0/10  (39.3 min)
38/55 Li5CuSO2 sg 123: composition 0/10 | rf_top5 0/10 | oracle 0/10  (39.7 min)
39/55 CsK2Na2ReO6 sg 12: composition 0/10 | rf_top5 0/10 | oracle 0/10  (40.4 min)
40/55 KLi4ReO6 sg 12: composition 0/10 | rf_top5 0/10 | oracle 0/10  (41.0 min)
41/55 Na2CuTcO6 sg 225: composition 0/10 | rf_top5 0/10 | oracle 0/10  (41.9 min)
42/55 LiNbSeO sg 164: composition 0/10 | rf_top5 0/10 | oracle 0/10  (42.4 min)
43/55 NaTiF4 sg 60: composition 0/10 | rf_top5 0/10 | oracle 0/10  (42.8 min)
44/55 NaNdCoWO6 sg 4: composition 0/10 | rf_top5 0/10 | oracle 0/10  (43.7 min)
45/55 Li5IrO4 sg 59: composition 0/10 | rf_top5 0/10 | oracle 0/10  (44.1 min)
46/55 Na6MnO5 sg 107: composition 0/10 | rf_top5 0/10 | oracle 0/10  (44.6 min)
47/55 Li2TiCdO4 sg 31: composition 0/10 | rf_top5 0/10 | oracle 0/10  (45.1 min)
48/55 Na3Cu2AsO6 sg 12: composition 0/10 | rf_top5 0/10 | oracle 0/10  (45.7 min)
49/55 Ba4Na(WO4)3 sg 229: composition 0/10 | rf_top5 0/10 | oracle 0/10  (46.5 min)
50/55 NaNd2OsO6 sg 14: composition 0/10 | rf_top5 0/10 | oracle 0/10  (47.1 min)
51/55 NaCo(CO)4 sg 57: composition 0/10 | rf_top5 0/10 | oracle 0/10  (47.9 min)
52/55 NaNbO3 sg 29: composition 0/10 | rf_top5 0/10 | oracle 0/10  (48.7 min)
53/55 NaY(Pd3O4)2 sg 200: composition 0/10 | rf_top5 0/10 | oracle 0/10  (49.2 min)
54/55 Li3MnPbO6 sg 5: composition 0/10 | rf_top5 0/10 | oracle 0/10  (49.9 min)
55/55 LiWO3 sg 167: composition 0/10 | rf_top5 0/10 | oracle 0/10  (50.4 min)
