number of parameters: 25.36M
1/100 Li9Co7O16 sg 2: composition 0/10 | rf_top1 0/10 | rf_top5 0/10 | oracle 0/10  (1.7 min)
2/100 Li4Cr3FeO8 sg 12: composition 0/10 | rf_top1 0/10 | rf_top5 0/10 | oracle 0/10  (2.8 min)
3/100 Na2PdF6 sg 150: composition 0/10 | rf_top1 0/10 | rf_top5 0/10 | oracle 0/10  (3.3 min)
4/100 Na4Al3Fe(SiO3)8 sg 3: composition 0/10 | rf_top1 0/10 | rf_top5 0/10 | oracle 0/10  (5.8 min)
5/100 LiFeSO4F sg 1: composition 8/10 | rf_top1 8/10 | rf_top5 2/10 | oracle 8/10  (6.7 min)
6/100 Li2ZnSiO4 sg 14: composition 0/10 | rf_top1 0/10 | rf_top5 0/10 | oracle 0/10  (7.6 min)
7/100 NaZr2SN2Cl sg 14: composition 0/10 | rf_top1 0/10 | rf_top5 0/10 | oracle 0/10  (8.1 min)
8/100 Li3(NiO2)8 sg 2: composition 0/10 | rf_top1 0/10 | rf_top5 0/10 | oracle 0/10  (10.0 min)
9/100 Li2CrSiO4 sg 152: composition 0/10 | rf_top1 0/10 | rf_top5 0/10 | oracle 0/10  (10.6 min)
10/100 Li2MnO2F sg 164: composition 0/10 | rf_top1 0/10 | rf_top5 0/10 | oracle 0/10  (11.3 min)
11/100 K2LiFeO3 sg 67: composition 0/10 | rf_top1 0/10 | rf_top5 0/10 | oracle 0/10  (11.8 min)
12/100 Li3V4NiO12 sg 5: composition 0/10 | rf_top1 0/10 | rf_top5 0/10 | oracle 0/10  (12.8 min)
13/100 Li2FeCO4 sg 14: composition 0/10 | rf_top1 0/10 | rf_top5 0/10 | oracle 0/10  (13.6 min)
14/100 Li3Mn(PO4)2 sg 11: composition 0/10 | rf_top1 0/10 | rf_top5 0/10 | oracle 0/10  (14.9 min)
15/100 Li5Ti(SiO4)2 sg 5: composition 0/10 | rf_top1 0/10 | rf_top5 0/10 | oracle 0/10  (15.7 min)
16/100 LiFePO4 sg 19: composition 0/10 | rf_top1 0/10 | rf_top5 0/10 | oracle 0/10  (16.4 min)
17/100 Li9(FeO4)2 sg 5: composition 0/10 | rf_top1 0/10 | rf_top5 0/10 | oracle 0/10  (17.9 min)
18/100 Li4Mn2Fe3Te3O16 sg 1: composition 0/10 | rf_top1 0/10 | rf_top5 0/10 | oracle 0/10  (20.4 min)
19/100 LiMnF3 sg 62: composition 0/10 | rf_top1 0/10 | rf_top5 0/10 | oracle 0/10  (20.9 min)
20/100 Na3(CoO2)5 sg 8: composition 0/10 | rf_top1 0/10 | rf_top5 0/10 | oracle 0/10  (22.3 min)
21/100 Li4Fe3(CoO4)3 sg 2: composition 0/10 | rf_top1 0/10 | rf_top5 0/10 | oracle 0/10  (23.5 min)
22/100 Na3CrH14(C3O8)2 sg 2: composition 0/10 | rf_top1 0/10 | rf_top5 0/10 | oracle 0/10  (25.6 min)
23/100 K4Na4Mo5(WO8)3 sg 25: composition 0/10 | rf_top1 0/10 | rf_top5 0/10 | oracle 0/10  (28.3 min)
24/100 NaTi3P3O13 sg 11: composition 0/10 | rf_top1 0/10 | rf_top5 0/10 | oracle 0/10  (29.8 min)
25/100 LiMnVO4 sg 63: composition 0/10 | rf_top1 0/10 | rf_top5 0/10 | oracle 0/10  (30.4 min)
26/100 NaScF3 sg 221: composition 0/10 | rf_top1 0/10 | rf_top5 0/10 | oracle 0/10  (30.7 min)
27/100 NaZrNO sg 29: composition 0/10 | rf_top1 0/10 | rf_top5 0/10 | oracle 0/10  (31.1 min)
28/100 NaNbPO sg 26: composition 0/10 | rf_top1 0/10 | rf_top5 0/10 | oracle 0/10  (31.4 min)
29/100 NaCrAsO sg 51: composition 0/10 | rf_top1 0/10 | rf_top5 0/10 | oracle 0/10  (31.8 min)
30/100 NaTbCoS3 sg 63: composition 0/10 | rf_top1 0/10 | rf_top5 0/10 | oracle 0/10  (32.2 min)
31/100 LiCeMnO3 sg 63: composition 0/10 | rf_top1 0/10 | rf_top5 0/10 | oracle 0/10  (32.7 min)
32/100 NaPrCdS3 sg 62: composition 0/10 | rf_top1 0/10 | rf_top5 0/10 | oracle 0/10  (33.2 min)
33/100 LiVCoO4 sg 63: composition 0/10 | rf_top1 0/10 | rf_top5 0/10 | oracle 0/10  (33.7 min)
34/100 LiZnPO4 sg 82: composition 0/10 | rf_top1 0/10 | rf_top5 0/10 | oracle 0/10  (34.4 min)
35/100 LiTl2MoF6 sg 225: composition 0/10 | rf_top1 0/10 | rf_top5 0/10 | oracle 0/10  (35.1 min)
36/100 Na2MgOsO6 sg 225: composition 0/10 | rf_top1 0/10 | rf_top5 0/10 | oracle 0/10  (36.0 min)
37/100 Na2CdWO6 sg 225: composition 0/10 | rf_top1 0/10 | rf_top5 0/10 | oracle 0/10  (36.7 min)
38/100 Li5CuSO2 sg 123: composition 0/10 | rf_top1 0/10 | rf_top5 0/10 | oracle 0/10  (37.1 min)
39/100 CsK2Na2ReO6 sg 12: composition 0/10 | rf_top1 0/10 | rf_top5 0/10 | oracle 0/10  (37.9 min)
40/100 KLi4ReO6 sg 12: composition 0/10 | rf_top1 0/10 | rf_top5 0/10 | oracle 0/10  (38.6 min)
41/100 Na2CuTcO6 sg 225: composition 0/10 | rf_top1 0/10 | rf_top5 0/10 | oracle 0/10  (39.3 min)
42/100 LiNbSeO sg 164: composition 0/10 | rf_top1 0/10 | rf_top5 0/10 | oracle 0/10  (39.7 min)
43/100 NaTiF4 sg 60: composition 0/10 | rf_top1 0/10 | rf_top5 0/10 | oracle 0/10  (40.1 min)
44/100 NaNdCoWO6 sg 4: composition 0/10 | rf_top1 0/10 | rf_top5 0/10 | oracle 0/10  (41.0 min)
45/100 Li5IrO4 sg 59: composition 0/10 | rf_top1 0/10 | rf_top5 0/10 | oracle 0/10  (41.4 min)
46/100 Na6MnO5 sg 107: composition 0/10 | rf_top1 0/10 | rf_top5 0/10 | oracle 0/10  (41.8 min)
47/100 Li2TiCdO4 sg 31: composition 0/10 | rf_top1 0/10 | rf_top5 0/10 | oracle 0/10  (42.3 min)
48/100 Na3Cu2AsO6 sg 12: composition 0/10 | rf_top1 0/10 | rf_top5 0/10 | oracle 0/10  (42.9 min)
49/100 Ba4Na(WO4)3 sg 229: composition 0/10 | rf_top1 0/10 | rf_top5 0/10 | oracle 0/10  (43.6 min)
50/100 NaNd2OsO6 sg 14: composition 0/10 | rf_top1 0/10 | rf_top5 0/10 | oracle 0/10  (44.2 min)
51/100 NaCo(CO)4 sg 57: composition 0/10 | rf_top1 0/10 | rf_top5 0/10 | oracle 0/10  (44.9 min)
52/100 NaNbO3 sg 29: composition 0/10 | rf_top1 0/10 | rf_top5 0/10 | oracle 0/10  (45.6 min)
53/100 NaY(Pd3O4)2 sg 200: composition 0/10 | rf_top1 0/10 | rf_top5 0/10 | oracle 0/10  (46.0 min)
54/100 Li3MnPbO6 sg 5: composition 0/10 | rf_top1 0/10 | rf_top5 0/10 | oracle 0/10  (46.6 min)
55/100 LiWO3 sg 167: composition 0/10 | rf_top1 0/10 | rf_top5 0/10 | oracle 0/10  (47.2 min)
56/100 NaZr2Fe sg 8: composition 0/10 | rf_top1 0/10 | rf_top5 0/10 | oracle 0/10  (47.6 min)
57/100 NaHfIn2 sg 225: composition 0/10 | rf_top1 0/10 | rf_top5 0/10 | oracle 0/10  (48.1 min)
58/100 LiH3CO3 sg 33: composition 0/10 | rf_top1 0/10 | rf_top5 0/10 | oracle 0/10  (48.9 min)
59/100 Li2NbCd sg 10: composition 0/10 | rf_top1 0/10 | rf_top5 0/10 | oracle 0/10  (49.2 min)
60/100 Na3Hf sg 10: composition 0/10 | rf_top1 0/10 | rf_top5 0/10 | oracle 0/10  (49.5 min)
61/100 Li4Cu5 sg 139: composition 0/10 | rf_top1 0/10 | rf_top5 0/10 | oracle 0/10  (49.8 min)
62/100 NaSrCoAu sg 216: composition 0/10 | rf_top1 0/10 | rf_top5 0/10 | oracle 0/10  (50.3 min)
63/100 NaGdHgTe3 sg 63: composition 0/10 | rf_top1 0/10 | rf_top5 0/10 | oracle 0/10  (50.8 min)
64/100 Na2LaOs sg 99: composition 3/10 | rf_top1 0/10 | rf_top5 0/10 | oracle 10/10  (51.1 min)
65/100 Na2LaSe sg 225: composition 0/10 | rf_top1 0/10 | rf_top5 0/10 | oracle 0/10  (51.6 min)
66/100 NaGe2Pt sg 71: composition 0/10 | rf_top1 0/10 | rf_top5 0/10 | oracle 0/10  (51.9 min)
67/100 Li3La sg 71: composition 0/10 | rf_top1 0/10 | rf_top5 0/10 | oracle 0/10  (52.2 min)
68/100 SrLiBiW sg 216: composition 0/10 | rf_top1 0/10 | rf_top5 0/10 | oracle 0/10  (52.7 min)
69/100 LiVGaPd sg 216: composition 0/10 | rf_top1 0/10 | rf_top5 0/10 | oracle 0/10  (53.2 min)
70/100 Na2CuSb sg 225: composition 0/10 | rf_top1 0/10 | rf_top5 0/10 | oracle 0/10  (53.5 min)
71/100 NaGaCuRu sg 216: composition 0/10 | rf_top1 0/10 | rf_top5 0/10 | oracle 0/10  (54.0 min)
72/100 Li2DyU sg 225: composition 0/10 | rf_top1 0/10 | rf_top5 0/10 | oracle 0/10  (54.5 min)
73/100 LiCdSi2 sg 65: composition 0/10 | rf_top1 0/10 | rf_top5 0/10 | oracle 0/10  (54.9 min)
74/100 Na2ReMo sg 65: composition 0/10 | rf_top1 0/10 | rf_top5 0/10 | oracle 0/10  (55.3 min)
75/100 NaFeAg2 sg 12: composition 0/10 | rf_top1 0/10 | rf_top5 0/10 | oracle 0/10  (55.6 min)
76/100 Li5Hf sg 216: composition 0/10 | rf_top1 0/10 | rf_top5 0/10 | oracle 0/10  (56.0 min)
77/100 LiMnPdPb sg 216: composition 0/10 | rf_top1 0/10 | rf_top5 0/10 | oracle 0/10  (56.5 min)
78/100 LiMgB4 sg 191: composition 0/10 | rf_top1 0/10 | rf_top5 0/10 | oracle 0/10  (56.7 min)
79/100 NaTi2Cu sg 10: composition 0/10 | rf_top1 0/10 | rf_top5 0/10 | oracle 0/10  (57.1 min)
80/100 KLiPt sg 44: composition 0/10 | rf_top1 0/10 | rf_top5 0/10 | oracle 0/10  (57.5 min)
81/100 LiVRe sg 156: composition 5/10 | rf_top1 0/10 | rf_top5 0/10 | oracle 10/10  (57.8 min)
82/100 Na2AgSb sg 123: composition 0/10 | rf_top1 0/10 | rf_top5 0/10 | oracle 0/10  (58.1 min)
83/100 NaSrIrW sg 216: composition 0/10 | rf_top1 0/10 | rf_top5 0/10 | oracle 0/10  (58.6 min)
84/100 NaZrScTc sg 216: composition 0/10 | rf_top1 0/10 | rf_top5 0/10 | oracle 0/10  (59.1 min)
85/100 NaHfAsRu sg 216: composition 0/10 | rf_top1 0/10 | rf_top5 0/10 | oracle 0/10  (59.5 min)
86/100 NaSr2Ca sg 71: composition 0/10 | rf_top1 0/10 | rf_top5 0/10 | oracle 0/10  (59.9 min)
87/100 Li2MgMn sg 119: composition 0/10 | rf_top1 0/10 | rf_top5 0/10 | oracle 0/10  (60.3 min)
88/100 NaCr2Cd sg 71: composition 0/10 | rf_top1 0/10 | rf_top5 0/10 | oracle 0/10  (60.7 min)
89/100 NaMgIr2 sg 139: composition 0/10 | rf_top1 0/10 | rf_top5 0/10 | oracle 0/10  (61.0 min)
90/100 Na2TlTc sg 160: composition 0/10 | rf_top1 0/10 | rf_top5 0/10 | oracle 0/10  (61.4 min)
91/100 Na2SiGe sg 160: composition 0/10 | rf_top1 0/10 | rf_top5 0/10 | oracle 0/10  (61.8 min)
92/100 NaMg2Cr sg 65: composition 0/10 | rf_top1 0/10 | rf_top5 0/10 | oracle 0/10  (62.1 min)
93/100 NaNbBr sg 107: composition 0/10 | rf_top1 0/10 | rf_top5 0/10 | oracle 0/10  (62.4 min)
94/100 LiYCd sg 156: composition 5/10 | rf_top1 0/10 | rf_top5 0/10 | oracle 9/10  (62.8 min)
95/100 LiCdRu2 sg 35: composition 0/10 | rf_top1 0/10 | rf_top5 0/10 | oracle 0/10  (63.2 min)
96/100 NaAg2Cl sg 99: composition 6/10 | rf_top1 0/10 | rf_top5 0/10 | oracle 10/10  (63.5 min)
97/100 NaZn2As sg 38: composition 0/10 | rf_top1 0/10 | rf_top5 0/10 | oracle 0/10  (63.8 min)
98/100 Li2ZnCr sg 25: composition 0/10 | rf_top1 0/10 | rf_top5 0/10 | oracle 10/10  (64.2 min)
99/100 NaYMnCr sg 216: composition 0/10 | rf_top1 0/10 | rf_top5 0/10 | oracle 0/10  (64.7 min)
100/100 NaZrAl2 sg 119: composition 0/10 | rf_top1 0/10 | rf_top5 0/10 | oracle 0/10  (65.1 min)
