CHGNet v0.3.0 initialized with 412,525 parameters
CHGNet will run on cuda
CHGNet will run on cpu
1/60 Li4Mn3Co3(TeO8)2: pred 0.0257 | MP 0.007826314846940186
2/60 NaVO2: pred 0.0419 | MP 0.0
3/60 LiY(CuP)2: pred 0.0239 | MP 0.0
4/60 Li2CuF5: pred 0.0342 | MP 0.005835659791665115
5/60 LiMo(PO3)4: pred 0.0269 | MP 0.013724236805560786
6/60 Li3(Mo3S4)2: pred 0.0703 | MP 0.012455971911756514
7/60 LiLaNb2O7: pred 0.0745 | MP 0.07682651454545741
8/60 Cs2LiVS4: pred 0.0315 | MP 0.0
9/60 BaNaVS4: pred 0.0377 | MP 0.0
10/60 Li2VSiO5: pred 0.0255 | MP 0.0
11/60 Na3SmTi2Nb2O12: pred 0.0138 | MP 0.003120480535715231
12/60 LiCr2P3O13: pred 0.1235 | MP 0.09754043368420096
13/60 NaVPO5: pred 0.0175 | MP 0.0
14/60 LiFe2P3O10: pred 0.0167 | MP 0.0
15/60 Li2MnV(PO4)2: pred 0.0072 | MP 0.0033557271428579227
16/60 Li6TiMn3(PO4)6: pred 0.0538 | MP 0.06296479518750164
17/60 LiV3Zn2O8: pred 0.0295 | MP 0.0018061164285585463
18/60 Na3FeO3: pred 0.0171 | MP 0.0
19/60 Li2Mo3S4: pred 0.0912 | MP 0.0
20/60 LiMnFeF6: pred 0.0084 | MP 0.0
21/60 K2NaNb3O9: pred 0.0233 | MP 0.013819580333336745
22/60 Na2CrO4: pred 0.0251 | MP 0.0
23/60 LiNi2O3: pred 0.0193 | MP 0.0018387068055574218
24/60 Na2CoAsCO7: pred 0.0062 | MP 0.0
25/60 LiCrPO4: pred 0.0121 | MP 0.005505532767850596
26/60 Rb2LiMn3F12: pred 0.0159 | MP 0.0007894922222231315
27/60 LiCuO2: pred 0.069 | MP 0.021594026249999843
28/60 Na5MnO4: pred 0.0099 | MP 0.010346431000010092
29/60 Li3Mn2FeO6: pred 0.0527 | MP 0.0538424439583336
30/60 Li2VCrO4: pred 0.0386 | MP 0.004698024374999221
31/60 Li3Cr2(PO4)3: pred 0.0408 | MP 0.014164325499987918
32/60 Li2Al2CrSbO8: pred 0.0338 | MP 0.004355117857133273
33/60 Li6Mn3Nb(PO4)6: pred 0.0578 | MP 0.06499943281250253
34/60 Li4Mn3WO8: pred 0.0722 | MP 0.1129117231250012
35/60 LiVPO5: pred 0.0339 | MP 0.007069967499999663
36/60 Na5NbO5: pred 0.0083 | MP 0.0
37/60 Na2TiCr(PO4)3: pred 0.0216 | MP 0.0032527747368460425
38/60 LiVPO5: pred 0.0318 | MP 0.0
39/60 Li6VFe3(PO4)6: pred 0.0451 | MP 0.04970579413541909
40/60 Li6VNi3(PO4)6: pred 0.0683 | MP 0.08159326379167098
41/60 LiMnP: pred 0.0579 | MP 0.0
42/60 LiNbS2: pred 0.0542 | MP 0.0
43/60 NaFe(MoO4)2: pred 0.0248 | MP 0.0038799618749996156
44/60 KLiMnO2: pred 0.0551 | MP 0.02701469550000013
45/60 LiNbO3: pred 0.0183 | MP 0.010854103250004243
46/60 Na3CoO3: pred 0.02 | MP 0.0
47/60 Li4Mn3FeO8: pred 0.0642 | MP 0.06887293703124975
48/60 Li2V3SnO8: pred 0.0267 | MP 0.0
49/60 NaCo2As3O10: pred 0.014 | MP 0.007217980820316328
50/60 LiCoPO4: pred 0.0455 | MP 0.0
51/60 Li5CuF8: pred 0.0426 | MP 0.017859305476185305
52/60 LiMn2(PO4)2: pred 0.0074 | MP 0.007935958653848552
53/60 Na2CoGeO4: pred 0.0161 | MP 0.0
54/60 Li2MnGeO4: pred 0.0132 | MP 0.0
55/60 LiCaCrF6: pred 0.0198 | MP 0.0
56/60 LiV(OF)2: pred 0.0148 | MP 0.0
57/60 KNa2FeO3: pred 0.0135 | MP 0.010156126250000952
58/60 NaFe2P2HO8: pred 0.0165 | MP 0.0
59/60 Na3NdTi2Nb2O12: pred 0.0121 | MP 0.002104431035714782
60/60 Li5Co(Ni2O5)2: pred 0.0373 | MP 0.0658994944999991
{'n': 60, 'mae': 0.0216, 'median_signed_error': 0.0173, 'within_0.05': 0.933, 'mp_stable_predicted_below_0.05': '21/24'}
